Archive member included to satisfy reference by file (symbol)

/opt/intelFPGA/18.1/nios2eds/bin/gnu/H-x86_64-pc-linux-gnu/bin/../lib/gcc/nios2-elf/5.3.0/../../../../../H-x86_64-pc-linux-gnu/nios2-elf/lib/libc.a(lib_a-fclose.o)
                              obj/default/hello_world.o (fclose)
/opt/intelFPGA/18.1/nios2eds/bin/gnu/H-x86_64-pc-linux-gnu/bin/../lib/gcc/nios2-elf/5.3.0/../../../../../H-x86_64-pc-linux-gnu/nios2-elf/lib/libc.a(lib_a-fflush.o)
                              /opt/intelFPGA/18.1/nios2eds/bin/gnu/H-x86_64-pc-linux-gnu/bin/../lib/gcc/nios2-elf/5.3.0/../../../../../H-x86_64-pc-linux-gnu/nios2-elf/lib/libc.a(lib_a-fclose.o) (__sflush_r)
/opt/intelFPGA/18.1/nios2eds/bin/gnu/H-x86_64-pc-linux-gnu/bin/../lib/gcc/nios2-elf/5.3.0/../../../../../H-x86_64-pc-linux-gnu/nios2-elf/lib/libc.a(lib_a-findfp.o)
                              /opt/intelFPGA/18.1/nios2eds/bin/gnu/H-x86_64-pc-linux-gnu/bin/../lib/gcc/nios2-elf/5.3.0/../../../../../H-x86_64-pc-linux-gnu/nios2-elf/lib/libc.a(lib_a-fclose.o) (__sinit)
/opt/intelFPGA/18.1/nios2eds/bin/gnu/H-x86_64-pc-linux-gnu/bin/../lib/gcc/nios2-elf/5.3.0/../../../../../H-x86_64-pc-linux-gnu/nios2-elf/lib/libc.a(lib_a-fopen.o)
                              obj/default/hello_world.o (fopen)
/opt/intelFPGA/18.1/nios2eds/bin/gnu/H-x86_64-pc-linux-gnu/bin/../lib/gcc/nios2-elf/5.3.0/../../../../../H-x86_64-pc-linux-gnu/nios2-elf/lib/libc.a(lib_a-fprintf.o)
                              obj/default/hello_world.o (fprintf)
/opt/intelFPGA/18.1/nios2eds/bin/gnu/H-x86_64-pc-linux-gnu/bin/../lib/gcc/nios2-elf/5.3.0/../../../../../H-x86_64-pc-linux-gnu/nios2-elf/lib/libc.a(lib_a-freer.o)
                              /opt/intelFPGA/18.1/nios2eds/bin/gnu/H-x86_64-pc-linux-gnu/bin/../lib/gcc/nios2-elf/5.3.0/../../../../../H-x86_64-pc-linux-gnu/nios2-elf/lib/libc.a(lib_a-fclose.o) (_free_r)
/opt/intelFPGA/18.1/nios2eds/bin/gnu/H-x86_64-pc-linux-gnu/bin/../lib/gcc/nios2-elf/5.3.0/../../../../../H-x86_64-pc-linux-gnu/nios2-elf/lib/libc.a(lib_a-fseek.o)
                              /opt/intelFPGA/18.1/nios2eds/bin/gnu/H-x86_64-pc-linux-gnu/bin/../lib/gcc/nios2-elf/5.3.0/../../../../../H-x86_64-pc-linux-gnu/nios2-elf/lib/libc.a(lib_a-fopen.o) (_fseek_r)
/opt/intelFPGA/18.1/nios2eds/bin/gnu/H-x86_64-pc-linux-gnu/bin/../lib/gcc/nios2-elf/5.3.0/../../../../../H-x86_64-pc-linux-gnu/nios2-elf/lib/libc.a(lib_a-fseeko.o)
                              /opt/intelFPGA/18.1/nios2eds/bin/gnu/H-x86_64-pc-linux-gnu/bin/../lib/gcc/nios2-elf/5.3.0/../../../../../H-x86_64-pc-linux-gnu/nios2-elf/lib/libc.a(lib_a-fseek.o) (_fseeko_r)
/opt/intelFPGA/18.1/nios2eds/bin/gnu/H-x86_64-pc-linux-gnu/bin/../lib/gcc/nios2-elf/5.3.0/../../../../../H-x86_64-pc-linux-gnu/nios2-elf/lib/libc.a(lib_a-fstatr.o)
                              /opt/intelFPGA/18.1/nios2eds/bin/gnu/H-x86_64-pc-linux-gnu/bin/../lib/gcc/nios2-elf/5.3.0/../../../../../H-x86_64-pc-linux-gnu/nios2-elf/lib/libc.a(lib_a-fseeko.o) (_fstat_r)
/opt/intelFPGA/18.1/nios2eds/bin/gnu/H-x86_64-pc-linux-gnu/bin/../lib/gcc/nios2-elf/5.3.0/../../../../../H-x86_64-pc-linux-gnu/nios2-elf/lib/libc.a(lib_a-fwalk.o)
                              /opt/intelFPGA/18.1/nios2eds/bin/gnu/H-x86_64-pc-linux-gnu/bin/../lib/gcc/nios2-elf/5.3.0/../../../../../H-x86_64-pc-linux-gnu/nios2-elf/lib/libc.a(lib_a-findfp.o) (_fwalk)
/opt/intelFPGA/18.1/nios2eds/bin/gnu/H-x86_64-pc-linux-gnu/bin/../lib/gcc/nios2-elf/5.3.0/../../../../../H-x86_64-pc-linux-gnu/nios2-elf/lib/libc.a(lib_a-fwrite.o)
                              obj/default/hello_world.o (fwrite)
/opt/intelFPGA/18.1/nios2eds/bin/gnu/H-x86_64-pc-linux-gnu/bin/../lib/gcc/nios2-elf/5.3.0/../../../../../H-x86_64-pc-linux-gnu/nios2-elf/lib/libc.a(lib_a-impure.o)
                              /opt/intelFPGA/18.1/nios2eds/bin/gnu/H-x86_64-pc-linux-gnu/bin/../lib/gcc/nios2-elf/5.3.0/../../../../../H-x86_64-pc-linux-gnu/nios2-elf/lib/libc.a(lib_a-fflush.o) (_global_impure_ptr)
/opt/intelFPGA/18.1/nios2eds/bin/gnu/H-x86_64-pc-linux-gnu/bin/../lib/gcc/nios2-elf/5.3.0/../../../../../H-x86_64-pc-linux-gnu/nios2-elf/lib/libc.a(lib_a-int_errno.o)
                              /opt/intelFPGA/18.1/nios2eds/bin/gnu/H-x86_64-pc-linux-gnu/bin/../lib/gcc/nios2-elf/5.3.0/../../../../../H-x86_64-pc-linux-gnu/nios2-elf/lib/libc.a(lib_a-fstatr.o) (errno)
/opt/intelFPGA/18.1/nios2eds/bin/gnu/H-x86_64-pc-linux-gnu/bin/../lib/gcc/nios2-elf/5.3.0/../../../../../H-x86_64-pc-linux-gnu/nios2-elf/lib/libc.a(lib_a-makebuf.o)
                              /opt/intelFPGA/18.1/nios2eds/bin/gnu/H-x86_64-pc-linux-gnu/bin/../lib/gcc/nios2-elf/5.3.0/../../../../../H-x86_64-pc-linux-gnu/nios2-elf/lib/libc.a(lib_a-fseeko.o) (__smakebuf_r)
/opt/intelFPGA/18.1/nios2eds/bin/gnu/H-x86_64-pc-linux-gnu/bin/../lib/gcc/nios2-elf/5.3.0/../../../../../H-x86_64-pc-linux-gnu/nios2-elf/lib/libc.a(lib_a-mallocr.o)
[...]
Memory Configuration

Name             Origin             Length             Attributes
reset            0x0000000010100000 0x0000000000000020
onchip_memory2_0 0x0000000010100020 0x000000000001ffe0
*default*        0x0000000000000000 0xffffffffffffffff

Linker script and memory map

LOAD /home/vm/Documents/EmbeddedSystemsProject/sw/nios/lab4_bsp//obj/HAL/src/crt0.o
LOAD obj/default/hello_world.o
LOAD /opt/intelFPGA/18.1/nios2eds/bin/gnu/H-x86_64-pc-linux-gnu/bin/../lib/gcc/nios2-elf/5.3.0/../../../../../H-x86_64-pc-linux-gnu/nios2-elf/lib/libstdc++.a
LOAD /opt/intelFPGA/18.1/nios2eds/bin/gnu/H-x86_64-pc-linux-gnu/bin/../lib/gcc/nios2-elf/5.3.0/../../../../../H-x86_64-pc-linux-gnu/nios2-elf/lib/libm.a
LOAD /opt/intelFPGA/18.1/nios2eds/bin/gnu/H-x86_64-pc-linux-gnu/bin/../lib/gcc/nios2-elf/5.3.0/libgcc.a
START GROUP
LOAD /opt/intelFPGA/18.1/nios2eds/bin/gnu/H-x86_64-pc-linux-gnu/bin/../lib/gcc/nios2-elf/5.3.0/../../../../../H-x86_64-pc-linux-gnu/nios2-elf/lib/libc.a
LOAD /opt/intelFPGA/18.1/nios2eds/bin/gnu/H-x86_64-pc-linux-gnu/bin/../lib/gcc/nios2-elf/5.3.0/libgcc.a
LOAD /home/vm/Documents/EmbeddedSystemsProject/sw/nios/lab4_bsp//libhal_bsp.a
LOAD /opt/intelFPGA/18.1/nios2eds/bin/gnu/H-x86_64-pc-linux-gnu/bin/../lib/gcc/nios2-elf/5.3.0/../../../../../H-x86_64-pc-linux-gnu/nios2-elf/lib/libm.a
END GROUP
LOAD /opt/intelFPGA/18.1/nios2eds/bin/gnu/H-x86_64-pc-linux-gnu/bin/../lib/gcc/nios2-elf/5.3.0/libgcc.a
                0x0000000010100000                __alt_mem_onchip_memory2_0 = 0x10100000

.entry          0x0000000010100000       0x20
 *(.entry)
 .entry         0x0000000010100000       0x20 /home/vm/Documents/EmbeddedSystemsProject/sw/nios/lab4_bsp//obj/HAL/src/crt0.o
                0x0000000010100000                __reset

.exceptions     0x0000000010100020      0x224
                0x0000000010100020                PROVIDE (__ram_exceptions_start, ABSOLUTE (.))
                0x0000000010100020                . = ALIGN (0x20)
 *(.irq)
 *(.exceptions.entry.label)
 .exceptions.entry.label
                0x0000000010100020        0x0 /home/vm/Documents/EmbeddedSystemsProject/sw/nios/lab4_bsp//libhal_bsp.a(alt_irq_entry.o)
                0x0000000010100020                alt_irq_entry
 .exceptions.entry.label
                0x0000000010100020        0x0 /home/vm/Documents/EmbeddedSystemsProject/sw/nios/lab4_bsp//libhal_bsp.a(alt_exception_entry.o)
                0x0000000010100020                alt_exception
 *(.exceptions.entry.user)
 *(.exceptions.entry.ecc_fatal)
 *(.exceptions.entry)
 .exceptions.entry
                0x0000000010100020       0x54 /home/vm/Documents/EmbeddedSystemsProject/sw/nios/lab4_bsp//libhal_bsp.a(alt_exception_entry.o)
 *(.exceptions.irqtest.user)
 *(.exceptions.irqtest)
 .exceptions.irqtest
                0x0000000010100074       0x10 /home/vm/Documents/EmbeddedSystemsProject/sw/nios/lab4_bsp//libhal_bsp.a(alt_irq_entry.o)
 *(.exceptions.irqhandler.user)
 *(.exceptions.irqhandler)
 .exceptions.irqhandler
                0x0000000010100084        0x4 /home/vm/Documents/EmbeddedSystemsProject/sw/nios/lab4_bsp//libhal_bsp.a(alt_irq_entry.o)
 *(.exceptions.irqreturn.user)
 *(.exceptions.irqreturn)
 .exceptions.irqreturn
                0x0000000010100088        0x4 /home/vm/Documents/EmbeddedSystemsProject/sw/nios/lab4_bsp//libhal_bsp.a(alt_irq_entry.o)
 *(.exceptions.notirq.label)
 .exceptions.notirq.label
                0x000000001010008c        0x0 /home/vm/Documents/EmbeddedSystemsProject/sw/nios/lab4_bsp//libhal_bsp.a(alt_irq_entry.o)
 *(.exceptions.notirq.user)
 *(.exceptions.notirq)
 .exceptions.notirq
                0x000000001010008c        0x8 /home/vm/Documents/EmbeddedSystemsProject/sw/nios/lab4_bsp//libhal_bsp.a(alt_exception_entry.o)
 *(.exceptions.soft.user)
 *(.exceptions.soft)
 *(.exceptions.unknown.user)
 *(.exceptions.unknown)
 .exceptions.unknown
                0x0000000010100094       0x14 /home/vm/Documents/EmbeddedSystemsProject/sw/nios/lab4_bsp//libhal_bsp.a(alt_exception_entry.o)
 *(.exceptions.exit.label)
 .exceptions.exit.label
                0x00000000101000a8        0x0 /home/vm/Documents/EmbeddedSystemsProject/sw/nios/lab4_bsp//libhal_bsp.a(alt_irq_entry.o)
 .exceptions.exit.label
                0x00000000101000a8        0x0 /home/vm/Documents/EmbeddedSystemsProject/sw/nios/lab4_bsp//libhal_bsp.a(alt_exception_entry.o)
 *(.exceptions.exit.user)
 *(.exceptions.exit)
 .exceptions.exit
                0x00000000101000a8       0x54 /home/vm/Documents/EmbeddedSystemsProject/sw/nios/lab4_bsp//libhal_bsp.a(alt_exception_entry.o)
 *(.exceptions)
 .exceptions    0x00000000101000fc       0xd4 /home/vm/Documents/EmbeddedSystemsProject/sw/nios/lab4_bsp//libhal_bsp.a(alt_irq_handler.o)
                0x00000000101000fc                alt_irq_handler
 .exceptions    0x00000000101001d0       0x74 /home/vm/Documents/EmbeddedSystemsProject/sw/nios/lab4_bsp//libhal_bsp.a(alt_instruction_exception_entry.o)
                0x00000000101001d0                alt_instruction_exception_entry
                0x0000000010100244                PROVIDE (__ram_exceptions_end, ABSOLUTE (.))
                0x0000000010100020                PROVIDE (__flash_exceptions_start, LOADADDR (.exceptions))

.text           0x0000000010100244    0x102b0
                [!provide]                        PROVIDE (stext, ABSOLUTE (.))
 *(.interp)
 *(.hash)
 *(.dynsym)
 *(.dynstr)
 *(.gnu.version)
 *(.gnu.version_d)
 *(.gnu.version_r)
 *(.rel.init)
 *(.rela.init)
 *(.rel.text .rel.text.* .rel.gnu.linkonce.t.*)
 *(.rela.text .rela.text.* .rela.gnu.linkonce.t.*)
 *(.rel.fini)
 *(.rela.fini)
 *(.rel.rodata .rel.rodata.* .rel.gnu.linkonce.r.*)
 *(.rela.rodata .rela.rodata.* .rela.gnu.linkonce.r.*)
 *(.rel.data .rel.data.* .rel.gnu.linkonce.d.*)
 *(.rela.data .rela.data.* .rela.gnu.linkonce.d.*)
 *(.rel.tdata .rel.tdata.* .rel.gnu.linkonce.td.*)
 *(.rela.tdata .rela.tdata.* .rela.gnu.linkonce.td.*)
 *(.rel.tbss .rel.tbss.* .rel.gnu.linkonce.tb.*)
 *(.rela.tbss .rela.tbss.* .rela.gnu.linkonce.tb.*)
 *(.rel.ctors)
 *(.rela.ctors)
 *(.rel.dtors)
 *(.rela.dtors)
 *(.rel.got)
 *(.rela.got)
 *(.rel.sdata .rel.sdata.* .rel.gnu.linkonce.s.*)
 *(.rela.sdata .rela.sdata.* .rela.gnu.linkonce.s.*)
 *(.rel.sbss .rel.sbss.* .rel.gnu.linkonce.sb.*)
 *(.rela.sbss .rela.sbss.* .rela.gnu.linkonce.sb.*)
 *(.rel.sdata2 .rel.sdata2.* .rel.gnu.linkonce.s2.*)
 *(.rela.sdata2 .rela.sdata2.* .rela.gnu.linkonce.s2.*)
 *(.rel.sbss2 .rel.sbss2.* .rel.gnu.linkonce.sb2.*)
 *(.rela.sbss2 .rela.sbss2.* .rela.gnu.linkonce.sb2.*)
 *(.rel.bss .rel.bss.* .rel.gnu.linkonce.b.*)
 *(.rela.bss .rela.bss.* .rela.gnu.linkonce.b.*)
 *(.rel.plt)
 *(.rela.plt)
 *(.rel.dyn)
 *(.init)
 *(.plt)
 *(.text .stub .text.* .gnu.linkonce.t.*)
 .text          0x0000000010100244       0x4c /home/vm/Documents/EmbeddedSystemsProject/sw/nios/lab4_bsp//obj/HAL/src/crt0.o
                0x0000000010100244                _start
 .text          0x0000000010100290      0x3c0 obj/default/hello_world.o
                0x0000000010100290                trdb_d5m_write
                0x0000000010100318                trdb_d5m_read
                0x00000000101003b8                init_TRDB_D5M
                0x0000000010100450                load_image
                0x000000001010061c                main
 .text          0x0000000010100650        0x0 /opt/intelFPGA/18.1/nios2eds/bin/gnu/H-x86_64-pc-linux-gnu/bin/../lib/gcc/nios2-elf/5.3.0/../../../../../H-x86_64-pc-linux-gnu/nios2-elf/lib/libc.a(lib_a-fclose.o)
 .text._fclose_r
                0x0000000010100650       0xf0 /opt/intelFPGA/18.1/nios2eds/bin/gnu/H-x86_64-pc-linux-gnu/bin/../lib/gcc/nios2-elf/5.3.0/../../../../../H-x86_64-pc-linux-gnu/nios2-elf/lib/libc.a(lib_a-fclose.o)
                0x0000000010100650                _fclose_r
 .text.fclose   0x0000000010100740       0x14 /opt/intelFPGA/18.1/nios2eds/bin/gnu/H-x86_64-pc-linux-gnu/bin/../lib/gcc/nios2-elf/5.3.0/../../../../../H-x86_64-pc-linux-gnu/nios2-elf/lib/libc.a(lib_a-fclose.o)
                0x0000000010100740                fclose
 .text          0x0000000010100754        0x0 /opt/intelFPGA/18.1/nios2eds/bin/gnu/H-x86_64-pc-linux-gnu/bin/../lib/gcc/nios2-elf/5.3.0/../../../../../H-x86_64-pc-linux-gnu/nios2-elf/lib/libc.a(lib_a-fflush.o)
 .text.__sflush_r
                0x0000000010100754      0x21c /opt/intelFPGA/18.1/nios2eds/bin/gnu/H-x86_64-pc-linux-gnu/bin/../lib/gcc/nios2-elf/5.3.0/../../../../../H-x86_64-pc-linux-gnu/nios2-elf/lib/libc.a(lib_a-fflush.o)
                0x0000000010100754                __sflush_r
 .text._fflush_r
                0x0000000010100970       0x5c /opt/intelFPGA/18.1/nios2eds/bin/gnu/H-x86_64-pc-linux-gnu/bin/../lib/gcc/nios2-elf/5.3.0/../../../../../H-x86_64-pc-linux-gnu/nios2-elf/lib/libc.a(lib_a-fflush.o)
                0x0000000010100970                _fflush_r
 .text.fflush   0x00000000101009cc       0x30 /opt/intelFPGA/18.1/nios2eds/bin/gnu/H-x86_64-pc-linux-gnu/bin/../lib/gcc/nios2-elf/5.3.0/../../../../../H-x86_64-pc-linux-gnu/nios2-elf/lib/libc.a(lib_a-fflush.o)
                0x00000000101009cc                fflush
 .text          0x00000000101009fc        0x0 /opt/intelFPGA/18.1/nios2eds/bin/gnu/H-x86_64-pc-linux-gnu/bin/../lib/gcc/nios2-elf/5.3.0/../../../../../H-x86_64-pc-linux-gnu/nios2-elf/lib/libc.a(lib_a-findfp.o)
 .text.__fp_unlock
                0x00000000101009fc        0x8 /opt/intelFPGA/18.1/nios2eds/bin/gnu/H-x86_64-pc-linux-gnu/bin/../lib/gcc/nios2-elf/5.3.0/../../../../../H-x86_64-pc-linux-gnu/nios2-elf/lib/libc.a(lib_a-findfp.o)
 .text._cleanup_r
                0x0000000010100a04        0xc /opt/intelFPGA/18.1/nios2eds/bin/gnu/H-x86_64-pc-linux-gnu/bin/../lib/gcc/nios2-elf/5.3.0/../../../../../H-x86_64-pc-linux-gnu/nios2-elf/lib/libc.a(lib_a-findfp.o)
                0x0000000010100a04                _cleanup_r
 .text.__sinit.part.1
                0x0000000010100a10      0x19c /opt/intelFPGA/18.1/nios2eds/bin/gnu/H-x86_64-pc-linux-gnu/bin/../lib/gcc/nios2-elf/5.3.0/../../../../../H-x86_64-pc-linux-gnu/nios2-elf/lib/libc.a(lib_a-findfp.o)
 .text.__fp_lock
                0x0000000010100bac        0x8 /opt/intelFPGA/18.1/nios2eds/bin/gnu/H-x86_64-pc-linux-gnu/bin/../lib/gcc/nios2-elf/5.3.0/../../../../../H-x86_64-pc-linux-gnu/nios2-elf/lib/libc.a(lib_a-findfp.o)
 .text.__sfmoreglue
                0x0000000010100bb4       0x68 /opt/intelFPGA/18.1/nios2eds/bin/gnu/H-x86_64-pc-linux-gnu/bin/../lib/gcc/nios2-elf/5.3.0/../../../../../H-x86_64-pc-linux-gnu/nios2-elf/lib/libc.a(lib_a-findfp.o)
                0x0000000010100bb4                __sfmoreglue
 .text.__sfp    0x0000000010100c1c      0x118 /opt/intelFPGA/18.1/nios2eds/bin/gnu/H-x86_64-pc-linux-gnu/bin/../lib/gcc/nios2-elf/5.3.0/../../../../../H-x86_64-pc-linux-gnu/nios2-elf/lib/libc.a(lib_a-findfp.o)
                0x0000000010100c1c                __sfp
 .text._cleanup
                0x0000000010100d34       0x18 /opt/intelFPGA/18.1/nios2eds/bin/gnu/H-x86_64-pc-linux-gnu/bin/../lib/gcc/nios2-elf/5.3.0/../../../../../H-x86_64-pc-linux-gnu/nios2-elf/lib/libc.a(lib_a-findfp.o)
                0x0000000010100d34                _cleanup
 .text.__sinit  0x0000000010100d4c       0x10 /opt/intelFPGA/18.1/nios2eds/bin/gnu/H-x86_64-pc-linux-gnu/bin/../lib/gcc/nios2-elf/5.3.0/../../../../../H-x86_64-pc-linux-gnu/nios2-elf/lib/libc.a(lib_a-findfp.o)
                0x0000000010100d4c                __sinit
 .text.__sfp_lock_acquire
                0x0000000010100d5c        0x4 /opt/intelFPGA/18.1/nios2eds/bin/gnu/H-x86_64-pc-linux-gnu/bin/../lib/gcc/nios2-elf/5.3.0/../../../../../H-x86_64-pc-linux-gnu/nios2-elf/lib/libc.a(lib_a-findfp.o)
                0x0000000010100d5c                __sfp_lock_acquire
 .text.__sfp_lock_release
                0x0000000010100d60        0x4 /opt/intelFPGA/18.1/nios2eds/bin/gnu/H-x86_64-pc-linux-gnu/bin/../lib/gcc/nios2-elf/5.3.0/../../../../../H-x86_64-pc-linux-gnu/nios2-elf/lib/libc.a(lib_a-findfp.o)
                0x0000000010100d60                __sfp_lock_release
 .text.__sinit_lock_acquire
                0x0000000010100d64        0x4 /opt/intelFPGA/18.1/nios2eds/bin/gnu/H-x86_64-pc-linux-gnu/bin/../lib/gcc/nios2-elf/5.3.0/../../../../../H-x86_64-pc-linux-gnu/nios2-elf/lib/libc.a(lib_a-findfp.o)
                0x0000000010100d64                __sinit_lock_acquire
 .text.__sinit_lock_release
                0x0000000010100d68        0x4 /opt/intelFPGA/18.1/nios2eds/bin/gnu/H-x86_64-pc-linux-gnu/bin/../lib/gcc/nios2-elf/5.3.0/../../../../../H-x86_64-pc-linux-gnu/nios2-elf/lib/libc.a(lib_a-findfp.o)
                0x0000000010100d68                __sinit_lock_release
 .text.__fp_lock_all
                0x0000000010100d6c       0x18 /opt/intelFPGA/18.1/nios2eds/bin/gnu/H-x86_64-pc-linux-gnu/bin/../lib/gcc/nios2-elf/5.3.0/../../../../../H-x86_64-pc-linux-gnu/nios2-elf/lib/libc.a(lib_a-findfp.o)
                0x0000000010100d6c                __fp_lock_all
 .text.__fp_unlock_all
                0x0000000010100d84       0x18 /opt/intelFPGA/18.1/nios2eds/bin/gnu/H-x86_64-pc-linux-gnu/bin/../lib/gcc/nios2-elf/5.3.0/../../../../../H-x86_64-pc-linux-gnu/nios2-elf/lib/libc.a(lib_a-findfp.o)
                0x0000000010100d84                __fp_unlock_all
 .text          0x0000000010100d9c        0x0 /opt/intelFPGA/18.1/nios2eds/bin/gnu/H-x86_64-pc-linux-gnu/bin/../lib/gcc/nios2-elf/5.3.0/../../../../../H-x86_64-pc-linux-gnu/nios2-elf/lib/libc.a(lib_a-fopen.o)
 .text._fopen_r
                0x0000000010100d9c       0xf4 /opt/intelFPGA/18.1/nios2eds/bin/gnu/H-x86_64-pc-linux-gnu/bin/../lib/gcc/nios2-elf/5.3.0/../../../../../H-x86_64-pc-linux-gnu/nios2-elf/lib/libc.a(lib_a-fopen.o)
                0x0000000010100d9c                _fopen_r
 .text.fopen    0x0000000010100e90       0x18 /opt/intelFPGA/18.1/nios2eds/bin/gnu/H-x86_64-pc-linux-gnu/bin/../lib/gcc/nios2-elf/5.3.0/../../../../../H-x86_64-pc-linux-gnu/nios2-elf/lib/libc.a(lib_a-fopen.o)
                0x0000000010100e90                fopen
 .text          0x0000000010100ea8        0x0 /opt/intelFPGA/18.1/nios2eds/bin/gnu/H-x86_64-pc-linux-gnu/bin/../lib/gcc/nios2-elf/5.3.0/../../../../../H-x86_64-pc-linux-gnu/nios2-elf/lib/libc.a(lib_a-fprintf.o)
 .text._fprintf_r
                0x0000000010100ea8       0x28 /opt/intelFPGA/18.1/nios2eds/bin/gnu/H-x86_64-pc-linux-gnu/bin/../lib/gcc/nios2-elf/5.3.0/../../../../../H-x86_64-pc-linux-gnu/nios2-elf/lib/libc.a(lib_a-fprintf.o)
                0x0000000010100ea8                _fprintf_r
 .text.fprintf  0x0000000010100ed0       0x24 /opt/intelFPGA/18.1/nios2eds/bin/gnu/H-x86_64-pc-linux-gnu/bin/../lib/gcc/nios2-elf/5.3.0/../../../../../H-x86_64-pc-linux-gnu/nios2-elf/lib/libc.a(lib_a-fprintf.o)
                0x0000000010100ed0                fprintf
 .text          0x0000000010100ef4        0x0 /opt/intelFPGA/18.1/nios2eds/bin/gnu/H-x86_64-pc-linux-gnu/bin/../lib/gcc/nios2-elf/5.3.0/../../../../../H-x86_64-pc-linux-gnu/nios2-elf/lib/libc.a(lib_a-freer.o)
 .text._malloc_trim_r
                0x0000000010100ef4      0x124 /opt/intelFPGA/18.1/nios2eds/bin/gnu/H-x86_64-pc-linux-gnu/bin/../lib/gcc/nios2-elf/5.3.0/../../../../../H-x86_64-pc-linux-gnu/nios2-elf/lib/libc.a(lib_a-freer.o)
                0x0000000010100ef4                _malloc_trim_r
 .text._free_r  0x0000000010101018      0x310 /opt/intelFPGA/18.1/nios2eds/bin/gnu/H-x86_64-pc-linux-gnu/bin/../lib/gcc/nios2-elf/5.3.0/../../../../../H-x86_64-pc-linux-gnu/nios2-elf/lib/libc.a(lib_a-freer.o)
                0x0000000010101018                _free_r
 .text          0x0000000010101328        0x0 /opt/intelFPGA/18.1/nios2eds/bin/gnu/H-x86_64-pc-linux-gnu/bin/../lib/gcc/nios2-elf/5.3.0/../../../../../H-x86_64-pc-linux-gnu/nios2-elf/lib/libc.a(lib_a-fseek.o)
 .text._fseek_r
                0x0000000010101328        0x4 /opt/intelFPGA/18.1/nios2eds/bin/gnu/H-x86_64-pc-linux-gnu/bin/../lib/gcc/nios2-elf/5.3.0/../../../../../H-x86_64-pc-linux-gnu/nios2-elf/lib/libc.a(lib_a-fseek.o)
                0x0000000010101328                _fseek_r
 .text.fseek    0x000000001010132c       0x1c /opt/intelFPGA/18.1/nios2eds/bin/gnu/H-x86_64-pc-linux-gnu/bin/../lib/gcc/nios2-elf/5.3.0/../../../../../H-x86_64-pc-linux-gnu/nios2-elf/lib/libc.a(lib_a-fseek.o)
                0x000000001010132c                fseek
 .text          0x0000000010101348        0x0 /opt/intelFPGA/18.1/nios2eds/bin/gnu/H-x86_64-pc-linux-gnu/bin/../lib/gcc/nios2-elf/5.3.0/../../../../../H-x86_64-pc-linux-gnu/nios2-elf/lib/libc.a(lib_a-fseeko.o)
 .text._fseeko_r
                0x0000000010101348      0x444 /opt/intelFPGA/18.1/nios2eds/bin/gnu/H-x86_64-pc-linux-gnu/bin/../lib/gcc/nios2-elf/5.3.0/../../../../../H-x86_64-pc-linux-gnu/nios2-elf/lib/libc.a(lib_a-fseeko.o)
                0x0000000010101348                _fseeko_r
 .text.fseeko   0x000000001010178c       0x1c /opt/intelFPGA/18.1/nios2eds/bin/gnu/H-x86_64-pc-linux-gnu/bin/../lib/gcc/nios2-elf/5.3.0/../../../../../H-x86_64-pc-linux-gnu/nios2-elf/lib/libc.a(lib_a-fseeko.o)
                0x000000001010178c                fseeko
 .text          0x00000000101017a8        0x0 /opt/intelFPGA/18.1/nios2eds/bin/gnu/H-x86_64-pc-linux-gnu/bin/../lib/gcc/nios2-elf/5.3.0/../../../../../H-x86_64-pc-linux-gnu/nios2-elf/lib/libc.a(lib_a-fstatr.o)
 .text._fstat_r
                0x00000000101017a8       0x5c /opt/intelFPGA/18.1/nios2eds/bin/gnu/H-x86_64-pc-linux-gnu/bin/../lib/gcc/nios2-elf/5.3.0/../../../../../H-x86_64-pc-linux-gnu/nios2-elf/lib/libc.a(lib_a-fstatr.o)
                0x00000000101017a8                _fstat_r
 .text          0x0000000010101804        0x0 /opt/intelFPGA/18.1/nios2eds/bin/gnu/H-x86_64-pc-linux-gnu/bin/../lib/gcc/nios2-elf/5.3.0/../../../../../H-x86_64-pc-linux-gnu/nios2-elf/lib/libc.a(lib_a-fwalk.o)
 .text._fwalk   0x0000000010101804       0xc4 /opt/intelFPGA/18.1/nios2eds/bin/gnu/H-x86_64-pc-linux-gnu/bin/../lib/gcc/nios2-elf/5.3.0/../../../../../H-x86_64-pc-linux-gnu/nios2-elf/lib/libc.a(lib_a-fwalk.o)
                0x0000000010101804                _fwalk
 .text._fwalk_reent
                0x00000000101018c8       0xc4 /opt/intelFPGA/18.1/nios2eds/bin/gnu/H-x86_64-pc-linux-gnu/bin/../lib/gcc/nios2-elf/5.3.0/../../../../../H-x86_64-pc-linux-gnu/nios2-elf/lib/libc.a(lib_a-fwalk.o)
                0x00000000101018c8                _fwalk_reent
 .text          0x000000001010198c        0x0 /opt/intelFPGA/18.1/nios2eds/bin/gnu/H-x86_64-pc-linux-gnu/bin/../lib/gcc/nios2-elf/5.3.0/../../../../../H-x86_64-pc-linux-gnu/nios2-elf/lib/libc.a(lib_a-fwrite.o)
 .text._fwrite_r
                0x000000001010198c       0xcc /opt/intelFPGA/18.1/nios2eds/bin/gnu/H-x86_64-pc-linux-gnu/bin/../lib/gcc/nios2-elf/5.3.0/../../../../../H-x86_64-pc-linux-gnu/nios2-elf/lib/libc.a(lib_a-fwrite.o)
                0x000000001010198c                _fwrite_r
 .text.fwrite   0x0000000010101a58       0x34 /opt/intelFPGA/18.1/nios2eds/bin/gnu/H-x86_64-pc-linux-gnu/bin/../lib/gcc/nios2-elf/5.3.0/../../../../../H-x86_64-pc-linux-gnu/nios2-elf/lib/libc.a(lib_a-fwrite.o)
                0x0000000010101a58                fwrite
 .text          0x0000000010101a8c        0x0 /opt/intelFPGA/18.1/nios2eds/bin/gnu/H-x86_64-pc-linux-gnu/bin/../lib/gcc/nios2-elf/5.3.0/../../../../../H-x86_64-pc-linux-gnu/nios2-elf/lib/libc.a(lib_a-impure.o)
 .text          0x0000000010101a8c        0x0 /opt/intelFPGA/18.1/nios2eds/bin/gnu/H-x86_64-pc-linux-gnu/bin/../lib/gcc/nios2-elf/5.3.0/../../../../../H-x86_64-pc-linux-gnu/nios2-elf/lib/libc.a(lib_a-int_errno.o)
 .text          0x0000000010101a8c        0x0 /opt/intelFPGA/18.1/nios2eds/bin/gnu/H-x86_64-pc-linux-gnu/bin/../lib/gcc/nios2-elf/5.3.0/../../../../../H-x86_64-pc-linux-gnu/nios2-elf/lib/libc.a(lib_a-makebuf.o)
 .text.__smakebuf_r
                0x0000000010101a8c      0x1bc /opt/intelFPGA/18.1/nios2eds/bin/gnu/H-x86_64-pc-linux-gnu/bin/../lib/gcc/nios2-elf/5.3.0/../../../../../H-x86_64-pc-linux-gnu/nios2-elf/lib/libc.a(lib_a-makebuf.o)
                0x0000000010101a8c                __smakebuf_r
 .text          0x0000000010101c48        0x0 /opt/intelFPGA/18.1/nios2eds/bin/gnu/H-x86_64-pc-linux-gnu/bin/../lib/gcc/nios2-elf/5.3.0/../../../../../H-x86_64-pc-linux-gnu/nios2-elf/lib/libc.a(lib_a-mallocr.o)
 .text._malloc_r
                0x0000000010101c48      0x80c /opt/intelFPGA/18.1/nios2eds/bin/gnu/H-x86_64-pc-linux-gnu/bin/../lib/gcc/nios2-elf/5.3.0/../../../../../H-x86_64-pc-linux-gnu/nios2-elf/lib/libc.a(lib_a-mallocr.o)
                0x0000000010101c48                _malloc_r
 .text          0x0000000010102454        0x0 /opt/intelFPGA/18.1/nios2eds/bin/gnu/H-x86_64-pc-linux-gnu/bin/../lib/gcc/nios2-elf/5.3.0/../../../../../H-x86_64-pc-linux-gnu/nios2-elf/lib/libc.a(lib_a-memset.o)
 .text.memset   0x0000000010102454      0x128 /opt/intelFPGA/18.1/nios2eds/bin/gnu/H-x86_64-pc-linux-gnu/bin/../lib/gcc/nios2-elf/5.3.0/../../../../../H-x86_64-pc-linux-gnu/nios2-elf/lib/libc.a(lib_a-memset.o)
                0x0000000010102454                memset
 .text          0x000000001010257c        0x0 /opt/intelFPGA/18.1/nios2eds/bin/gnu/H-x86_64-pc-linux-gnu/bin/../lib/gcc/nios2-elf/5.3.0/../../../../../H-x86_64-pc-linux-gnu/nios2-elf/lib/libc.a(lib_a-openr.o)
 .text._open_r  0x000000001010257c       0x60 /opt/intelFPGA/18.1/nios2eds/bin/gnu/H-x86_64-pc-linux-gnu/bin/../lib/gcc/nios2-elf/5.3.0/../../../../../H-x86_64-pc-linux-gnu/nios2-elf/lib/libc.a(lib_a-openr.o)
                0x000000001010257c                _open_r
 .text          0x00000000101025dc        0x0 /opt/intelFPGA/18.1/nios2eds/bin/gnu/H-x86_64-pc-linux-gnu/bin/../lib/gcc/nios2-elf/5.3.0/../../../../../H-x86_64-pc-linux-gnu/nios2-elf/lib/libc.a(lib_a-printf.o)
 .text._printf_r
                0x00000000101025dc       0x30 /opt/intelFPGA/18.1/nios2eds/bin/gnu/H-x86_64-pc-linux-gnu/bin/../lib/gcc/nios2-elf/5.3.0/../../../../../H-x86_64-pc-linux-gnu/nios2-elf/lib/libc.a(lib_a-printf.o)
                0x00000000101025dc                _printf_r
 .text.printf   0x000000001010260c       0x3c /opt/intelFPGA/18.1/nios2eds/bin/gnu/H-x86_64-pc-linux-gnu/bin/../lib/gcc/nios2-elf/5.3.0/../../../../../H-x86_64-pc-linux-gnu/nios2-elf/lib/libc.a(lib_a-printf.o)
                0x000000001010260c                printf
 .text          0x0000000010102648        0x0 /opt/intelFPGA/18.1/nios2eds/bin/gnu/H-x86_64-pc-linux-gnu/bin/../lib/gcc/nios2-elf/5.3.0/../../../../../H-x86_64-pc-linux-gnu/nios2-elf/lib/libc.a(lib_a-puts.o)
 .text._puts_r  0x0000000010102648       0xc0 /opt/intelFPGA/18.1/nios2eds/bin/gnu/H-x86_64-pc-linux-gnu/bin/../lib/gcc/nios2-elf/5.3.0/../../../../../H-x86_64-pc-linux-gnu/nios2-elf/lib/libc.a(lib_a-puts.o)
                0x0000000010102648                _puts_r
 .text.puts     0x0000000010102708       0x14 /opt/intelFPGA/18.1/nios2eds/bin/gnu/H-x86_64-pc-linux-gnu/bin/../lib/gcc/nios2-elf/5.3.0/../../../../../H-x86_64-pc-linux-gnu/nios2-elf/lib/libc.a(lib_a-puts.o)
                0x0000000010102708                puts
 .text          0x000000001010271c        0x0 /opt/intelFPGA/18.1/nios2eds/bin/gnu/H-x86_64-pc-linux-gnu/bin/../lib/gcc/nios2-elf/5.3.0/../../../../../H-x86_64-pc-linux-gnu/nios2-elf/lib/libc.a(lib_a-refill.o)
 .text.lflush   0x000000001010271c       0x1c /opt/intelFPGA/18.1/nios2eds/bin/gnu/H-x86_64-pc-linux-gnu/bin/../lib/gcc/nios2-elf/5.3.0/../../../../../H-x86_64-pc-linux-gnu/nios2-elf/lib/libc.a(lib_a-refill.o)
 .text.__srefill_r
                0x0000000010102738      0x1d4 /opt/intelFPGA/18.1/nios2eds/bin/gnu/H-x86_64-pc-linux-gnu/bin/../lib/gcc/nios2-elf/5.3.0/../../../../../H-x86_64-pc-linux-gnu/nios2-elf/lib/libc.a(lib_a-refill.o)
                0x0000000010102738                __srefill_r
 .text          0x000000001010290c        0x0 /opt/intelFPGA/18.1/nios2eds/bin/gnu/H-x86_64-pc-linux-gnu/bin/../lib/gcc/nios2-elf/5.3.0/../../../../../H-x86_64-pc-linux-gnu/nios2-elf/lib/libc.a(lib_a-sbrkr.o)
 .text._sbrk_r  0x000000001010290c       0x54 /opt/intelFPGA/18.1/nios2eds/bin/gnu/H-x86_64-pc-linux-gnu/bin/../lib/gcc/nios2-elf/5.3.0/../../../../../H-x86_64-pc-linux-gnu/nios2-elf/lib/libc.a(lib_a-sbrkr.o)
                0x000000001010290c                _sbrk_r
 .text          0x0000000010102960        0x0 /opt/intelFPGA/18.1/nios2eds/bin/gnu/H-x86_64-pc-linux-gnu/bin/../lib/gcc/nios2-elf/5.3.0/../../../../../H-x86_64-pc-linux-gnu/nios2-elf/lib/libc.a(lib_a-stdio.o)
 .text.__sread  0x0000000010102960       0x54 /opt/intelFPGA/18.1/nios2eds/bin/gnu/H-x86_64-pc-linux-gnu/bin/../lib/gcc/nios2-elf/5.3.0/../../../../../H-x86_64-pc-linux-gnu/nios2-elf/lib/libc.a(lib_a-stdio.o)
                0x0000000010102960                __sread
 .text.__seofread
                0x00000000101029b4        0x8 /opt/intelFPGA/18.1/nios2eds/bin/gnu/H-x86_64-pc-linux-gnu/bin/../lib/gcc/nios2-elf/5.3.0/../../../../../H-x86_64-pc-linux-gnu/nios2-elf/lib/libc.a(lib_a-stdio.o)
                0x00000000101029b4                __seofread
 .text.__swrite
                0x00000000101029bc       0x7c /opt/intelFPGA/18.1/nios2eds/bin/gnu/H-x86_64-pc-linux-gnu/bin/../lib/gcc/nios2-elf/5.3.0/../../../../../H-x86_64-pc-linux-gnu/nios2-elf/lib/libc.a(lib_a-stdio.o)
                0x00000000101029bc                __swrite
 .text.__sseek  0x0000000010102a38       0x5c /opt/intelFPGA/18.1/nios2eds/bin/gnu/H-x86_64-pc-linux-gnu/bin/../lib/gcc/nios2-elf/5.3.0/../../../../../H-x86_64-pc-linux-gnu/nios2-elf/lib/libc.a(lib_a-stdio.o)
                0x0000000010102a38                __sseek
 .text.__sclose
                0x0000000010102a94        0x8 /opt/intelFPGA/18.1/nios2eds/bin/gnu/H-x86_64-pc-linux-gnu/bin/../lib/gcc/nios2-elf/5.3.0/../../../../../H-x86_64-pc-linux-gnu/nios2-elf/lib/libc.a(lib_a-stdio.o)
                0x0000000010102a94                __sclose
 .text          0x0000000010102a9c        0x0 /opt/intelFPGA/18.1/nios2eds/bin/gnu/H-x86_64-pc-linux-gnu/bin/../lib/gcc/nios2-elf/5.3.0/../../../../../H-x86_64-pc-linux-gnu/nios2-elf/lib/libc.a(lib_a-strlen.o)
 .text.strlen   0x0000000010102a9c       0x98 /opt/intelFPGA/18.1/nios2eds/bin/gnu/H-x86_64-pc-linux-gnu/bin/../lib/gcc/nios2-elf/5.3.0/../../../../../H-x86_64-pc-linux-gnu/nios2-elf/lib/libc.a(lib_a-strlen.o)
                0x0000000010102a9c                strlen
 .text          0x0000000010102b34        0x0 /opt/intelFPGA/18.1/nios2eds/bin/gnu/H-x86_64-pc-linux-gnu/bin/../lib/gcc/nios2-elf/5.3.0/../../../../../H-x86_64-pc-linux-gnu/nios2-elf/lib/libc.a(lib_a-vfprintf.o)
 .text.___vfprintf_internal_r
                0x0000000010102b34     0x21f8 /opt/intelFPGA/18.1/nios2eds/bin/gnu/H-x86_64-pc-linux-gnu/bin/../lib/gcc/nios2-elf/5.3.0/../../../../../H-x86_64-pc-linux-gnu/nios2-elf/lib/libc.a(lib_a-vfprintf.o)
                0x0000000010102b34                ___vfprintf_internal_r
 .text.__vfprintf_internal
                0x0000000010104d2c       0x1c /opt/intelFPGA/18.1/nios2eds/bin/gnu/H-x86_64-pc-linux-gnu/bin/../lib/gcc/nios2-elf/5.3.0/../../../../../H-x86_64-pc-linux-gnu/nios2-elf/lib/libc.a(lib_a-vfprintf.o)
                0x0000000010104d2c                __vfprintf_internal
 .text.__sbprintf
                0x0000000010104d48       0xbc /opt/intelFPGA/18.1/nios2eds/bin/gnu/H-x86_64-pc-linux-gnu/bin/../lib/gcc/nios2-elf/5.3.0/../../../../../H-x86_64-pc-linux-gnu/nios2-elf/lib/libc.a(lib_a-vfprintf.o)
 .text          0x0000000010104e04        0x0 /opt/intelFPGA/18.1/nios2eds/bin/gnu/H-x86_64-pc-linux-gnu/bin/../lib/gcc/nios2-elf/5.3.0/../../../../../H-x86_64-pc-linux-gnu/nios2-elf/lib/libc.a(lib_a-writer.o)
 .text._write_r
                0x0000000010104e04       0x60 /opt/intelFPGA/18.1/nios2eds/bin/gnu/H-x86_64-pc-linux-gnu/bin/../lib/gcc/nios2-elf/5.3.0/../../../../../H-x86_64-pc-linux-gnu/nios2-elf/lib/libc.a(lib_a-writer.o)
                0x0000000010104e04                _write_r
 .text          0x0000000010104e64        0x0 /opt/intelFPGA/18.1/nios2eds/bin/gnu/H-x86_64-pc-linux-gnu/bin/../lib/gcc/nios2-elf/5.3.0/../../../../../H-x86_64-pc-linux-gnu/nios2-elf/lib/libc.a(lib_a-wsetup.o)
 .text.__swsetup_r
                0x0000000010104e64      0x154 /opt/intelFPGA/18.1/nios2eds/bin/gnu/H-x86_64-pc-linux-gnu/bin/../lib/gcc/nios2-elf/5.3.0/../../../../../H-x86_64-pc-linux-gnu/nios2-elf/lib/libc.a(lib_a-wsetup.o)
                0x0000000010104e64                __swsetup_r
 .text          0x0000000010104fb8        0x0 /opt/intelFPGA/18.1/nios2eds/bin/gnu/H-x86_64-pc-linux-gnu/bin/../lib/gcc/nios2-elf/5.3.0/../../../../../H-x86_64-pc-linux-gnu/nios2-elf/lib/libc.a(closer.o)
 .text._close_r
                0x0000000010104fb8       0x54 /opt/intelFPGA/18.1/nios2eds/bin/gnu/H-x86_64-pc-linux-gnu/bin/../lib/gcc/nios2-elf/5.3.0/../../../../../H-x86_64-pc-linux-gnu/nios2-elf/lib/libc.a(closer.o)
                0x0000000010104fb8                _close_r
 .text          0x000000001010500c        0x0 /opt/intelFPGA/18.1/nios2eds/bin/gnu/H-x86_64-pc-linux-gnu/bin/../lib/gcc/nios2-elf/5.3.0/../../../../../H-x86_64-pc-linux-gnu/nios2-elf/lib/libc.a(lib_a-dtoa.o)
 .text.quorem   0x000000001010500c      0x200 /opt/intelFPGA/18.1/nios2eds/bin/gnu/H-x86_64-pc-linux-gnu/bin/../lib/gcc/nios2-elf/5.3.0/../../../../../H-x86_64-pc-linux-gnu/nios2-elf/lib/libc.a(lib_a-dtoa.o)
 .text._dtoa_r  0x000000001010520c     0x1688 /opt/intelFPGA/18.1/nios2eds/bin/gnu/H-x86_64-pc-linux-gnu/bin/../lib/gcc/nios2-elf/5.3.0/../../../../../H-x86_64-pc-linux-gnu/nios2-elf/lib/libc.a(lib_a-dtoa.o)
                0x000000001010520c                _dtoa_r
 .text          0x0000000010106894        0x0 /opt/intelFPGA/18.1/nios2eds/bin/gnu/H-x86_64-pc-linux-gnu/bin/../lib/gcc/nios2-elf/5.3.0/../../../../../H-x86_64-pc-linux-gnu/nios2-elf/lib/libc.a(lib_a-flags.o)
 .text.__sflags
                0x0000000010106894       0xac /opt/intelFPGA/18.1/nios2eds/bin/gnu/H-x86_64-pc-linux-gnu/bin/../lib/gcc/nios2-elf/5.3.0/../../../../../H-x86_64-pc-linux-gnu/nios2-elf/lib/libc.a(lib_a-flags.o)
                0x0000000010106894                __sflags
 .text          0x0000000010106940        0x0 /opt/intelFPGA/18.1/nios2eds/bin/gnu/H-x86_64-pc-linux-gnu/bin/../lib/gcc/nios2-elf/5.3.0/../../../../../H-x86_64-pc-linux-gnu/nios2-elf/lib/libc.a(lib_a-fvwrite.o)
 .text.__sfvwrite_r
                0x0000000010106940      0x4bc /opt/intelFPGA/18.1/nios2eds/bin/gnu/H-x86_64-pc-linux-gnu/bin/../lib/gcc/nios2-elf/5.3.0/../../../../../H-x86_64-pc-linux-gnu/nios2-elf/lib/libc.a(lib_a-fvwrite.o)
                0x0000000010106940                __sfvwrite_r
 .text          0x0000000010106dfc        0x0 /opt/intelFPGA/18.1/nios2eds/bin/gnu/H-x86_64-pc-linux-gnu/bin/../lib/gcc/nios2-elf/5.3.0/../../../../../H-x86_64-pc-linux-gnu/nios2-elf/lib/libc.a(lib_a-isattyr.o)
 .text._isatty_r
                0x0000000010106dfc       0x54 /opt/intelFPGA/18.1/nios2eds/bin/gnu/H-x86_64-pc-linux-gnu/bin/../lib/gcc/nios2-elf/5.3.0/../../../../../H-x86_64-pc-linux-gnu/nios2-elf/lib/libc.a(lib_a-isattyr.o)
                0x0000000010106dfc                _isatty_r
 .text          0x0000000010106e50        0x0 /opt/intelFPGA/18.1/nios2eds/bin/gnu/H-x86_64-pc-linux-gnu/bin/../lib/gcc/nios2-elf/5.3.0/../../../../../H-x86_64-pc-linux-gnu/nios2-elf/lib/libc.a(lib_a-locale.o)
 .text._setlocale_r
                0x0000000010106e50       0x7c /opt/intelFPGA/18.1/nios2eds/bin/gnu/H-x86_64-pc-linux-gnu/bin/../lib/gcc/nios2-elf/5.3.0/../../../../../H-x86_64-pc-linux-gnu/nios2-elf/lib/libc.a(lib_a-locale.o)
                0x0000000010106e50                _setlocale_r
 .text.__locale_charset
                0x0000000010106ecc        0xc /opt/intelFPGA/18.1/nios2eds/bin/gnu/H-x86_64-pc-linux-gnu/bin/../lib/gcc/nios2-elf/5.3.0/../../../../../H-x86_64-pc-linux-gnu/nios2-elf/lib/libc.a(lib_a-locale.o)
                0x0000000010106ecc                __locale_charset
 .text.__locale_mb_cur_max
                0x0000000010106ed8       0x10 /opt/intelFPGA/18.1/nios2eds/bin/gnu/H-x86_64-pc-linux-gnu/bin/../lib/gcc/nios2-elf/5.3.0/../../../../../H-x86_64-pc-linux-gnu/nios2-elf/lib/libc.a(lib_a-locale.o)
                0x0000000010106ed8                __locale_mb_cur_max
 .text.__locale_msgcharset
                0x0000000010106ee8        0xc /opt/intelFPGA/18.1/nios2eds/bin/gnu/H-x86_64-pc-linux-gnu/bin/../lib/gcc/nios2-elf/5.3.0/../../../../../H-x86_64-pc-linux-gnu/nios2-elf/lib/libc.a(lib_a-locale.o)
                0x0000000010106ee8                __locale_msgcharset
 .text.__locale_cjk_lang
                0x0000000010106ef4        0x8 /opt/intelFPGA/18.1/nios2eds/bin/gnu/H-x86_64-pc-linux-gnu/bin/../lib/gcc/nios2-elf/5.3.0/../../../../../H-x86_64-pc-linux-gnu/nios2-elf/lib/libc.a(lib_a-locale.o)
                0x0000000010106ef4                __locale_cjk_lang
 .text._localeconv_r
                0x0000000010106efc        0xc /opt/intelFPGA/18.1/nios2eds/bin/gnu/H-x86_64-pc-linux-gnu/bin/../lib/gcc/nios2-elf/5.3.0/../../../../../H-x86_64-pc-linux-gnu/nios2-elf/lib/libc.a(lib_a-locale.o)
                0x0000000010106efc                _localeconv_r
 .text.setlocale
                0x0000000010106f08       0x18 /opt/intelFPGA/18.1/nios2eds/bin/gnu/H-x86_64-pc-linux-gnu/bin/../lib/gcc/nios2-elf/5.3.0/../../../../../H-x86_64-pc-linux-gnu/nios2-elf/lib/libc.a(lib_a-locale.o)
                0x0000000010106f08                setlocale
 .text.localeconv
                0x0000000010106f20        0xc /opt/intelFPGA/18.1/nios2eds/bin/gnu/H-x86_64-pc-linux-gnu/bin/../lib/gcc/nios2-elf/5.3.0/../../../../../H-x86_64-pc-linux-gnu/nios2-elf/lib/libc.a(lib_a-locale.o)
                0x0000000010106f20                localeconv
 .text          0x0000000010106f2c        0x0 /opt/intelFPGA/18.1/nios2eds/bin/gnu/H-x86_64-pc-linux-gnu/bin/../lib/gcc/nios2-elf/5.3.0/../../../../../H-x86_64-pc-linux-gnu/nios2-elf/lib/libc.a(lib_a-lseekr.o)
 .text._lseek_r
                0x0000000010106f2c       0x60 /opt/intelFPGA/18.1/nios2eds/bin/gnu/H-x86_64-pc-linux-gnu/bin/../lib/gcc/nios2-elf/5.3.0/../../../../../H-x86_64-pc-linux-gnu/nios2-elf/lib/libc.a(lib_a-lseekr.o)
                0x0000000010106f2c                _lseek_r
 .text          0x0000000010106f8c        0x0 /opt/intelFPGA/18.1/nios2eds/bin/gnu/H-x86_64-pc-linux-gnu/bin/../lib/gcc/nios2-elf/5.3.0/../../../../../H-x86_64-pc-linux-gnu/nios2-elf/lib/libc.a(lib_a-memchr.o)
 .text.memchr   0x0000000010106f8c       0xe4 /opt/intelFPGA/18.1/nios2eds/bin/gnu/H-x86_64-pc-linux-gnu/bin/../lib/gcc/nios2-elf/5.3.0/../../../../../H-x86_64-pc-linux-gnu/nios2-elf/lib/libc.a(lib_a-memchr.o)
                0x0000000010106f8c                memchr
 .text          0x0000000010107070        0x0 /opt/intelFPGA/18.1/nios2eds/bin/gnu/H-x86_64-pc-linux-gnu/bin/../lib/gcc/nios2-elf/5.3.0/../../../../../H-x86_64-pc-linux-gnu/nios2-elf/lib/libc.a(lib_a-memcpy.o)
 .text.memcpy   0x0000000010107070      0x148 /opt/intelFPGA/18.1/nios2eds/bin/gnu/H-x86_64-pc-linux-gnu/bin/../lib/gcc/nios2-elf/5.3.0/../../../../../H-x86_64-pc-linux-gnu/nios2-elf/lib/libc.a(lib_a-memcpy.o)
                0x0000000010107070                memcpy
 .text          0x00000000101071b8        0x0 /opt/intelFPGA/18.1/nios2eds/bin/gnu/H-x86_64-pc-linux-gnu/bin/../lib/gcc/nios2-elf/5.3.0/../../../../../H-x86_64-pc-linux-gnu/nios2-elf/lib/libc.a(lib_a-memmove.o)
 .text.memmove  0x00000000101071b8      0x15c /opt/intelFPGA/18.1/nios2eds/bin/gnu/H-x86_64-pc-linux-gnu/bin/../lib/gcc/nios2-elf/5.3.0/../../../../../H-x86_64-pc-linux-gnu/nios2-elf/lib/libc.a(lib_a-memmove.o)
                0x00000000101071b8                memmove
 .text          0x0000000010107314        0x0 /opt/intelFPGA/18.1/nios2eds/bin/gnu/H-x86_64-pc-linux-gnu/bin/../lib/gcc/nios2-elf/5.3.0/../../../../../H-x86_64-pc-linux-gnu/nios2-elf/lib/libc.a(lib_a-mprec.o)
 .text._Balloc  0x0000000010107314       0xa8 /opt/intelFPGA/18.1/nios2eds/bin/gnu/H-x86_64-pc-linux-gnu/bin/../lib/gcc/nios2-elf/5.3.0/../../../../../H-x86_64-pc-linux-gnu/nios2-elf/lib/libc.a(lib_a-mprec.o)
                0x0000000010107314                _Balloc
 .text._Bfree   0x00000000101073bc       0x28 /opt/intelFPGA/18.1/nios2eds/bin/gnu/H-x86_64-pc-linux-gnu/bin/../lib/gcc/nios2-elf/5.3.0/../../../../../H-x86_64-pc-linux-gnu/nios2-elf/lib/libc.a(lib_a-mprec.o)
                0x00000000101073bc                _Bfree
 .text.__multadd
                0x00000000101073e4      0x120 /opt/intelFPGA/18.1/nios2eds/bin/gnu/H-x86_64-pc-linux-gnu/bin/../lib/gcc/nios2-elf/5.3.0/../../../../../H-x86_64-pc-linux-gnu/nios2-elf/lib/libc.a(lib_a-mprec.o)
                0x00000000101073e4                __multadd
 .text.__s2b    0x0000000010107504      0x104 /opt/intelFPGA/18.1/nios2eds/bin/gnu/H-x86_64-pc-linux-gnu/bin/../lib/gcc/nios2-elf/5.3.0/../../../../../H-x86_64-pc-linux-gnu/nios2-elf/lib/libc.a(lib_a-mprec.o)
                0x0000000010107504                __s2b
 .text.__hi0bits
                0x0000000010107608       0x68 /opt/intelFPGA/18.1/nios2eds/bin/gnu/H-x86_64-pc-linux-gnu/bin/../lib/gcc/nios2-elf/5.3.0/../../../../../H-x86_64-pc-linux-gnu/nios2-elf/lib/libc.a(lib_a-mprec.o)
                0x0000000010107608                __hi0bits
 .text.__lo0bits
                0x0000000010107670       0xb0 /opt/intelFPGA/18.1/nios2eds/bin/gnu/H-x86_64-pc-linux-gnu/bin/../lib/gcc/nios2-elf/5.3.0/../../../../../H-x86_64-pc-linux-gnu/nios2-elf/lib/libc.a(lib_a-mprec.o)
                0x0000000010107670                __lo0bits
 .text.__i2b    0x0000000010107720       0x3c /opt/intelFPGA/18.1/nios2eds/bin/gnu/H-x86_64-pc-linux-gnu/bin/../lib/gcc/nios2-elf/5.3.0/../../../../../H-x86_64-pc-linux-gnu/nios2-elf/lib/libc.a(lib_a-mprec.o)
                0x0000000010107720                __i2b
 .text.__multiply
                0x000000001010775c      0x1f8 /opt/intelFPGA/18.1/nios2eds/bin/gnu/H-x86_64-pc-linux-gnu/bin/../lib/gcc/nios2-elf/5.3.0/../../../../../H-x86_64-pc-linux-gnu/nios2-elf/lib/libc.a(lib_a-mprec.o)
                0x000000001010775c                __multiply
 .text.__pow5mult
                0x0000000010107954      0x140 /opt/intelFPGA/18.1/nios2eds/bin/gnu/H-x86_64-pc-linux-gnu/bin/../lib/gcc/nios2-elf/5.3.0/../../../../../H-x86_64-pc-linux-gnu/nios2-elf/lib/libc.a(lib_a-mprec.o)
                0x0000000010107954                __pow5mult
 .text.__lshift
                0x0000000010107a94      0x148 /opt/intelFPGA/18.1/nios2eds/bin/gnu/H-x86_64-pc-linux-gnu/bin/../lib/gcc/nios2-elf/5.3.0/../../../../../H-x86_64-pc-linux-gnu/nios2-elf/lib/libc.a(lib_a-mprec.o)
                0x0000000010107a94                __lshift
 .text.__mcmp   0x0000000010107bdc       0x60 /opt/intelFPGA/18.1/nios2eds/bin/gnu/H-x86_64-pc-linux-gnu/bin/../lib/gcc/nios2-elf/5.3.0/../../../../../H-x86_64-pc-linux-gnu/nios2-elf/lib/libc.a(lib_a-mprec.o)
                0x0000000010107bdc                __mcmp
 .text.__mdiff  0x0000000010107c3c      0x1fc /opt/intelFPGA/18.1/nios2eds/bin/gnu/H-x86_64-pc-linux-gnu/bin/../lib/gcc/nios2-elf/5.3.0/../../../../../H-x86_64-pc-linux-gnu/nios2-elf/lib/libc.a(lib_a-mprec.o)
                0x0000000010107c3c                __mdiff
 .text.__ulp    0x0000000010107e38       0x64 /opt/intelFPGA/18.1/nios2eds/bin/gnu/H-x86_64-pc-linux-gnu/bin/../lib/gcc/nios2-elf/5.3.0/../../../../../H-x86_64-pc-linux-gnu/nios2-elf/lib/libc.a(lib_a-mprec.o)
                0x0000000010107e38                __ulp
 .text.__b2d    0x0000000010107e9c      0x10c /opt/intelFPGA/18.1/nios2eds/bin/gnu/H-x86_64-pc-linux-gnu/bin/../lib/gcc/nios2-elf/5.3.0/../../../../../H-x86_64-pc-linux-gnu/nios2-elf/lib/libc.a(lib_a-mprec.o)
                0x0000000010107e9c                __b2d
 .text.__d2b    0x0000000010107fa8      0x14c /opt/intelFPGA/18.1/nios2eds/bin/gnu/H-x86_64-pc-linux-gnu/bin/../lib/gcc/nios2-elf/5.3.0/../../../../../H-x86_64-pc-linux-gnu/nios2-elf/lib/libc.a(lib_a-mprec.o)
                0x0000000010107fa8                __d2b
 .text.__ratio  0x00000000101080f4       0xa4 /opt/intelFPGA/18.1/nios2eds/bin/gnu/H-x86_64-pc-linux-gnu/bin/../lib/gcc/nios2-elf/5.3.0/../../../../../H-x86_64-pc-linux-gnu/nios2-elf/lib/libc.a(lib_a-mprec.o)
                0x00000000101080f4                __ratio
 .text._mprec_log10
                0x0000000010108198       0x74 /opt/intelFPGA/18.1/nios2eds/bin/gnu/H-x86_64-pc-linux-gnu/bin/../lib/gcc/nios2-elf/5.3.0/../../../../../H-x86_64-pc-linux-gnu/nios2-elf/lib/libc.a(lib_a-mprec.o)
                0x0000000010108198                _mprec_log10
 .text.__copybits
                0x000000001010820c       0x78 /opt/intelFPGA/18.1/nios2eds/bin/gnu/H-x86_64-pc-linux-gnu/bin/../lib/gcc/nios2-elf/5.3.0/../../../../../H-x86_64-pc-linux-gnu/nios2-elf/lib/libc.a(lib_a-mprec.o)
                0x000000001010820c                __copybits
 .text.__any_on
                0x0000000010108284       0x8c /opt/intelFPGA/18.1/nios2eds/bin/gnu/H-x86_64-pc-linux-gnu/bin/../lib/gcc/nios2-elf/5.3.0/../../../../../H-x86_64-pc-linux-gnu/nios2-elf/lib/libc.a(lib_a-mprec.o)
                0x0000000010108284                __any_on
 .text          0x0000000010108310        0x0 /opt/intelFPGA/18.1/nios2eds/bin/gnu/H-x86_64-pc-linux-gnu/bin/../lib/gcc/nios2-elf/5.3.0/../../../../../H-x86_64-pc-linux-gnu/nios2-elf/lib/libc.a(lib_a-readr.o)
 .text._read_r  0x0000000010108310       0x60 /opt/intelFPGA/18.1/nios2eds/bin/gnu/H-x86_64-pc-linux-gnu/bin/../lib/gcc/nios2-elf/5.3.0/../../../../../H-x86_64-pc-linux-gnu/nios2-elf/lib/libc.a(lib_a-readr.o)
                0x0000000010108310                _read_r
 .text          0x0000000010108370        0x0 /opt/intelFPGA/18.1/nios2eds/bin/gnu/H-x86_64-pc-linux-gnu/bin/../lib/gcc/nios2-elf/5.3.0/../../../../../H-x86_64-pc-linux-gnu/nios2-elf/lib/libc.a(lib_a-reallocr.o)
 .text._realloc_r
                0x0000000010108370      0x564 /opt/intelFPGA/18.1/nios2eds/bin/gnu/H-x86_64-pc-linux-gnu/bin/../lib/gcc/nios2-elf/5.3.0/../../../../../H-x86_64-pc-linux-gnu/nios2-elf/lib/libc.a(lib_a-reallocr.o)
                0x0000000010108370                _realloc_r
 .text          0x00000000101088d4        0x0 /opt/intelFPGA/18.1/nios2eds/bin/gnu/H-x86_64-pc-linux-gnu/bin/../lib/gcc/nios2-elf/5.3.0/../../../../../H-x86_64-pc-linux-gnu/nios2-elf/lib/libc.a(lib_a-s_fpclassify.o)
 .text.__fpclassifyd
                0x00000000101088d4       0x74 /opt/intelFPGA/18.1/nios2eds/bin/gnu/H-x86_64-pc-linux-gnu/bin/../lib/gcc/nios2-elf/5.3.0/../../../../../H-x86_64-pc-linux-gnu/nios2-elf/lib/libc.a(lib_a-s_fpclassify.o)
                0x00000000101088d4                __fpclassifyd
 .text          0x0000000010108948        0x0 /opt/intelFPGA/18.1/nios2eds/bin/gnu/H-x86_64-pc-linux-gnu/bin/../lib/gcc/nios2-elf/5.3.0/../../../../../H-x86_64-pc-linux-gnu/nios2-elf/lib/libc.a(lib_a-strcmp.o)
 .text.strcmp   0x0000000010108948       0xdc /opt/intelFPGA/18.1/nios2eds/bin/gnu/H-x86_64-pc-linux-gnu/bin/../lib/gcc/nios2-elf/5.3.0/../../../../../H-x86_64-pc-linux-gnu/nios2-elf/lib/libc.a(lib_a-strcmp.o)
                0x0000000010108948                strcmp
 .text          0x0000000010108a24        0x0 /opt/intelFPGA/18.1/nios2eds/bin/gnu/H-x86_64-pc-linux-gnu/bin/../lib/gcc/nios2-elf/5.3.0/../../../../../H-x86_64-pc-linux-gnu/nios2-elf/lib/libc.a(lib_a-vfiprintf.o)
 .text.__sprint_r.part.0
                0x0000000010108a24       0xfc /opt/intelFPGA/18.1/nios2eds/bin/gnu/H-x86_64-pc-linux-gnu/bin/../lib/gcc/nios2-elf/5.3.0/../../../../../H-x86_64-pc-linux-gnu/nios2-elf/lib/libc.a(lib_a-vfiprintf.o)
 .text.__sprint_r
                0x0000000010108b20       0x18 /opt/intelFPGA/18.1/nios2eds/bin/gnu/H-x86_64-pc-linux-gnu/bin/../lib/gcc/nios2-elf/5.3.0/../../../../../H-x86_64-pc-linux-gnu/nios2-elf/lib/libc.a(lib_a-vfiprintf.o)
                0x0000000010108b20                __sprint_r
 .text.___vfiprintf_internal_r
                0x0000000010108b38     0x145c /opt/intelFPGA/18.1/nios2eds/bin/gnu/H-x86_64-pc-linux-gnu/bin/../lib/gcc/nios2-elf/5.3.0/../../../../../H-x86_64-pc-linux-gnu/nios2-elf/lib/libc.a(lib_a-vfiprintf.o)
                0x0000000010108b38                ___vfiprintf_internal_r
 .text.__vfiprintf_internal
                0x0000000010109f94       0x1c /opt/intelFPGA/18.1/nios2eds/bin/gnu/H-x86_64-pc-linux-gnu/bin/../lib/gcc/nios2-elf/5.3.0/../../../../../H-x86_64-pc-linux-gnu/nios2-elf/lib/libc.a(lib_a-vfiprintf.o)
                0x0000000010109f94                __vfiprintf_internal
 .text.__sbprintf
                0x0000000010109fb0       0xbc /opt/intelFPGA/18.1/nios2eds/bin/gnu/H-x86_64-pc-linux-gnu/bin/../lib/gcc/nios2-elf/5.3.0/../../../../../H-x86_64-pc-linux-gnu/nios2-elf/lib/libc.a(lib_a-vfiprintf.o)
 .text          0x000000001010a06c        0x0 /opt/intelFPGA/18.1/nios2eds/bin/gnu/H-x86_64-pc-linux-gnu/bin/../lib/gcc/nios2-elf/5.3.0/../../../../../H-x86_64-pc-linux-gnu/nios2-elf/lib/libc.a(lib_a-callocr.o)
 .text._calloc_r
                0x000000001010a06c       0xc4 /opt/intelFPGA/18.1/nios2eds/bin/gnu/H-x86_64-pc-linux-gnu/bin/../lib/gcc/nios2-elf/5.3.0/../../../../../H-x86_64-pc-linux-gnu/nios2-elf/lib/libc.a(lib_a-callocr.o)
                0x000000001010a06c                _calloc_r
 .text          0x000000001010a130        0x0 /opt/intelFPGA/18.1/nios2eds/bin/gnu/H-x86_64-pc-linux-gnu/bin/../lib/gcc/nios2-elf/5.3.0/../../../../../H-x86_64-pc-linux-gnu/nios2-elf/lib/libc.a(lib_a-fputwc.o)
 .text.__fputwc
                0x000000001010a130      0x164 /opt/intelFPGA/18.1/nios2eds/bin/gnu/H-x86_64-pc-linux-gnu/bin/../lib/gcc/nios2-elf/5.3.0/../../../../../H-x86_64-pc-linux-gnu/nios2-elf/lib/libc.a(lib_a-fputwc.o)
                0x000000001010a130                __fputwc
 .text._fputwc_r
                0x000000001010a294       0x24 /opt/intelFPGA/18.1/nios2eds/bin/gnu/H-x86_64-pc-linux-gnu/bin/../lib/gcc/nios2-elf/5.3.0/../../../../../H-x86_64-pc-linux-gnu/nios2-elf/lib/libc.a(lib_a-fputwc.o)
                0x000000001010a294                _fputwc_r
 .text.fputwc   0x000000001010a2b8       0x80 /opt/intelFPGA/18.1/nios2eds/bin/gnu/H-x86_64-pc-linux-gnu/bin/../lib/gcc/nios2-elf/5.3.0/../../../../../H-x86_64-pc-linux-gnu/nios2-elf/lib/libc.a(lib_a-fputwc.o)
                0x000000001010a2b8                fputwc
 .text          0x000000001010a338        0x0 /opt/intelFPGA/18.1/nios2eds/bin/gnu/H-x86_64-pc-linux-gnu/bin/../lib/gcc/nios2-elf/5.3.0/../../../../../H-x86_64-pc-linux-gnu/nios2-elf/lib/libc.a(lib_a-wbuf.o)
 .text.__swbuf_r
                0x000000001010a338      0x140 /opt/intelFPGA/18.1/nios2eds/bin/gnu/H-x86_64-pc-linux-gnu/bin/../lib/gcc/nios2-elf/5.3.0/../../../../../H-x86_64-pc-linux-gnu/nios2-elf/lib/libc.a(lib_a-wbuf.o)
                0x000000001010a338                __swbuf_r
 .text.__swbuf  0x000000001010a478       0x18 /opt/intelFPGA/18.1/nios2eds/bin/gnu/H-x86_64-pc-linux-gnu/bin/../lib/gcc/nios2-elf/5.3.0/../../../../../H-x86_64-pc-linux-gnu/nios2-elf/lib/libc.a(lib_a-wbuf.o)
                0x000000001010a478                __swbuf
 .text          0x000000001010a490        0x0 /opt/intelFPGA/18.1/nios2eds/bin/gnu/H-x86_64-pc-linux-gnu/bin/../lib/gcc/nios2-elf/5.3.0/../../../../../H-x86_64-pc-linux-gnu/nios2-elf/lib/libc.a(lib_a-wcrtomb.o)
 .text._wcrtomb_r
                0x000000001010a490       0x9c /opt/intelFPGA/18.1/nios2eds/bin/gnu/H-x86_64-pc-linux-gnu/bin/../lib/gcc/nios2-elf/5.3.0/../../../../../H-x86_64-pc-linux-gnu/nios2-elf/lib/libc.a(lib_a-wcrtomb.o)
                0x000000001010a490                _wcrtomb_r
 .text.wcrtomb  0x000000001010a52c       0xc0 /opt/intelFPGA/18.1/nios2eds/bin/gnu/H-x86_64-pc-linux-gnu/bin/../lib/gcc/nios2-elf/5.3.0/../../../../../H-x86_64-pc-linux-gnu/nios2-elf/lib/libc.a(lib_a-wcrtomb.o)
                0x000000001010a52c                wcrtomb
 .text          0x000000001010a5ec        0x0 /opt/intelFPGA/18.1/nios2eds/bin/gnu/H-x86_64-pc-linux-gnu/bin/../lib/gcc/nios2-elf/5.3.0/../../../../../H-x86_64-pc-linux-gnu/nios2-elf/lib/libc.a(lib_a-wctomb_r.o)
 .text.__ascii_wctomb
                0x000000001010a5ec       0x30 /opt/intelFPGA/18.1/nios2eds/bin/gnu/H-x86_64-pc-linux-gnu/bin/../lib/gcc/nios2-elf/5.3.0/../../../../../H-x86_64-pc-linux-gnu/nios2-elf/lib/libc.a(lib_a-wctomb_r.o)
                0x000000001010a5ec                __ascii_wctomb
 .text._wctomb_r
                0x000000001010a61c       0x5c /opt/intelFPGA/18.1/nios2eds/bin/gnu/H-x86_64-pc-linux-gnu/bin/../lib/gcc/nios2-elf/5.3.0/../../../../../H-x86_64-pc-linux-gnu/nios2-elf/lib/libc.a(lib_a-wctomb_r.o)
                0x000000001010a61c                _wctomb_r
 .text          0x000000001010a678      0x578 /opt/intelFPGA/18.1/nios2eds/bin/gnu/H-x86_64-pc-linux-gnu/bin/../lib/gcc/nios2-elf/5.3.0/libgcc.a(_udivdi3.o)
                0x000000001010a678                __udivdi3
 .text          0x000000001010abf0      0x538 /opt/intelFPGA/18.1/nios2eds/bin/gnu/H-x86_64-pc-linux-gnu/bin/../lib/gcc/nios2-elf/5.3.0/libgcc.a(_umoddi3.o)
                0x000000001010abf0                __umoddi3
 .text          0x000000001010b128      0x1b4 /opt/intelFPGA/18.1/nios2eds/bin/gnu/H-x86_64-pc-linux-gnu/bin/../lib/gcc/nios2-elf/5.3.0/libgcc.a(lib2-divmod.o)
                0x000000001010b128                __divsi3
                0x000000001010b1ac                __modsi3
                0x000000001010b220                __udivsi3
                0x000000001010b284                __umodsi3
 .text          0x000000001010b2dc      0x8ac /opt/intelFPGA/18.1/nios2eds/bin/gnu/H-x86_64-pc-linux-gnu/bin/../lib/gcc/nios2-elf/5.3.0/libgcc.a(adddf3.o)
                0x000000001010b2dc                __adddf3
 .text          0x000000001010bb88      0x8e8 /opt/intelFPGA/18.1/nios2eds/bin/gnu/H-x86_64-pc-linux-gnu/bin/../lib/gcc/nios2-elf/5.3.0/libgcc.a(divdf3.o)
                0x000000001010bb88                __divdf3
 .text          0x000000001010c470       0x88 /opt/intelFPGA/18.1/nios2eds/bin/gnu/H-x86_64-pc-linux-gnu/bin/../lib/gcc/nios2-elf/5.3.0/libgcc.a(eqdf2.o)
                0x000000001010c470                __eqdf2
                0x000000001010c470                __nedf2
 .text          0x000000001010c4f8       0xdc /opt/intelFPGA/18.1/nios2eds/bin/gnu/H-x86_64-pc-linux-gnu/bin/../lib/gcc/nios2-elf/5.3.0/libgcc.a(gedf2.o)
                0x000000001010c4f8                __gtdf2
                0x000000001010c4f8                __gedf2
 .text          0x000000001010c5d4       0xf4 /opt/intelFPGA/18.1/nios2eds/bin/gnu/H-x86_64-pc-linux-gnu/bin/../lib/gcc/nios2-elf/5.3.0/libgcc.a(ledf2.o)
                0x000000001010c5d4                __ltdf2
                0x000000001010c5d4                __ledf2
 .text          0x000000001010c6c8      0x718 /opt/intelFPGA/18.1/nios2eds/bin/gnu/H-x86_64-pc-linux-gnu/bin/../lib/gcc/nios2-elf/5.3.0/libgcc.a(muldf3.o)
                0x000000001010c6c8                __muldf3
 .text          0x000000001010cde0      0x8fc /opt/intelFPGA/18.1/nios2eds/bin/gnu/H-x86_64-pc-linux-gnu/bin/../lib/gcc/nios2-elf/5.3.0/libgcc.a(subdf3.o)
                0x000000001010cde0                __subdf3
 .text          0x000000001010d6dc       0x80 /opt/intelFPGA/18.1/nios2eds/bin/gnu/H-x86_64-pc-linux-gnu/bin/../lib/gcc/nios2-elf/5.3.0/libgcc.a(fixdfsi.o)
                0x000000001010d6dc                __fixdfsi
 .text          0x000000001010d75c       0xdc /opt/intelFPGA/18.1/nios2eds/bin/gnu/H-x86_64-pc-linux-gnu/bin/../lib/gcc/nios2-elf/5.3.0/libgcc.a(floatsidf.o)
                0x000000001010d75c                __floatsidf
 .text          0x000000001010d838       0xa8 /opt/intelFPGA/18.1/nios2eds/bin/gnu/H-x86_64-pc-linux-gnu/bin/../lib/gcc/nios2-elf/5.3.0/libgcc.a(floatunsidf.o)
                0x000000001010d838                __floatunsidf
 .text          0x000000001010d8e0        0x0 /opt/intelFPGA/18.1/nios2eds/bin/gnu/H-x86_64-pc-linux-gnu/bin/../lib/gcc/nios2-elf/5.3.0/libgcc.a(_clz.o)
 .text          0x000000001010d8e0       0x64 /opt/intelFPGA/18.1/nios2eds/bin/gnu/H-x86_64-pc-linux-gnu/bin/../lib/gcc/nios2-elf/5.3.0/libgcc.a(_clzsi2.o)
                0x000000001010d8e0                __clzsi2
 .text          0x000000001010d944      0x10c /home/vm/Documents/EmbeddedSystemsProject/sw/nios/lab4_bsp//libhal_bsp.a(alt_close.o)
                0x000000001010d980                close
 .text          0x000000001010da50       0x2c /home/vm/Documents/EmbeddedSystemsProject/sw/nios/lab4_bsp//libhal_bsp.a(alt_dev.o)
 .text          0x000000001010da7c        0x0 /home/vm/Documents/EmbeddedSystemsProject/sw/nios/lab4_bsp//libhal_bsp.a(alt_errno.o)
 .text          0x000000001010da7c       0xec /home/vm/Documents/EmbeddedSystemsProject/sw/nios/lab4_bsp//libhal_bsp.a(alt_fstat.o)
                0x000000001010dab8                fstat
 .text          0x000000001010db68       0xe0 /home/vm/Documents/EmbeddedSystemsProject/sw/nios/lab4_bsp//libhal_bsp.a(alt_isatty.o)
                0x000000001010dba4                isatty
 .text          0x000000001010dc48       0xec /home/vm/Documents/EmbeddedSystemsProject/sw/nios/lab4_bsp//libhal_bsp.a(alt_load.o)
                0x000000001010dcb0                alt_load
 .text          0x000000001010dd34      0x110 /home/vm/Documents/EmbeddedSystemsProject/sw/nios/lab4_bsp//libhal_bsp.a(alt_lseek.o)
                0x000000001010dd70                lseek
 .text          0x000000001010de44       0x7c /home/vm/Documents/EmbeddedSystemsProject/sw/nios/lab4_bsp//libhal_bsp.a(alt_main.o)
                0x000000001010de44                alt_main
 .text          0x000000001010dec0       0x48 /home/vm/Documents/EmbeddedSystemsProject/sw/nios/lab4_bsp//libhal_bsp.a(alt_malloc_lock.o)
                0x000000001010dec0                __malloc_lock
                0x000000001010dee4                __malloc_unlock
 .text          0x000000001010df08      0x254 /home/vm/Documents/EmbeddedSystemsProject/sw/nios/lab4_bsp//libhal_bsp.a(alt_open.o)
                0x000000001010e008                open
 .text          0x000000001010e15c      0x138 /home/vm/Documents/EmbeddedSystemsProject/sw/nios/lab4_bsp//libhal_bsp.a(alt_read.o)
                0x000000001010e198                read
 .text          0x000000001010e294       0x64 /home/vm/Documents/EmbeddedSystemsProject/sw/nios/lab4_bsp//libhal_bsp.a(alt_release_fd.o)
                0x000000001010e294                alt_release_fd
 .text          0x000000001010e2f8       0xb0 /home/vm/Documents/EmbeddedSystemsProject/sw/nios/lab4_bsp//libhal_bsp.a(alt_sbrk.o)
                0x000000001010e2f8                sbrk
 .text          0x000000001010e3a8      0x134 /home/vm/Documents/EmbeddedSystemsProject/sw/nios/lab4_bsp//libhal_bsp.a(alt_write.o)
                0x000000001010e3e4                write
 .text          0x000000001010e4dc       0xc0 /home/vm/Documents/EmbeddedSystemsProject/sw/nios/lab4_bsp//libhal_bsp.a(alt_sys_init.o)
                0x000000001010e510                alt_irq_init
                0x000000001010e548                alt_sys_init
 .text          0x000000001010e59c      0x164 /home/vm/Documents/EmbeddedSystemsProject/sw/nios/lab4_bsp//libhal_bsp.a(altera_avalon_jtag_uart_fd.o)
                0x000000001010e59c                altera_avalon_jtag_uart_read_fd
                0x000000001010e5fc                altera_avalon_jtag_uart_write_fd
                0x000000001010e65c                altera_avalon_jtag_uart_close_fd
                0x000000001010e6ac                altera_avalon_jtag_uart_ioctl_fd
 .text          0x000000001010e700      0x3d4 /home/vm/Documents/EmbeddedSystemsProject/sw/nios/lab4_bsp//libhal_bsp.a(altera_avalon_jtag_uart_init.o)
                0x000000001010e700                altera_avalon_jtag_uart_init
                0x000000001010ea6c                altera_avalon_jtag_uart_close
 .text          0x000000001010ead4       0xf0 /home/vm/Documents/EmbeddedSystemsProject/sw/nios/lab4_bsp//libhal_bsp.a(altera_avalon_jtag_uart_ioctl.o)
                0x000000001010ead4                altera_avalon_jtag_uart_ioctl
 .text          0x000000001010ebc4      0x21c /home/vm/Documents/EmbeddedSystemsProject/sw/nios/lab4_bsp//libhal_bsp.a(altera_avalon_jtag_uart_read.o)
                0x000000001010ebc4                altera_avalon_jtag_uart_read
 .text          0x000000001010ede0      0x224 /home/vm/Documents/EmbeddedSystemsProject/sw/nios/lab4_bsp//libhal_bsp.a(altera_avalon_jtag_uart_write.o)
                0x000000001010ede0                altera_avalon_jtag_uart_write
 .text          0x000000001010f004      0x484 /home/vm/Documents/EmbeddedSystemsProject/sw/nios/lab4_bsp//libhal_bsp.a(altera_hostfs.o)
                0x000000001010f004                alt_hostfs_open
                0x000000001010f120                alt_hostfs_close
                0x000000001010f164                alt_hostfs_read
                0x000000001010f1d0                alt_hostfs_write
                0x000000001010f23c                alt_hostfs_seek
                0x000000001010f2a4                alt_hostfs_fstat
 .text          0x000000001010f488      0x12c /home/vm/Documents/EmbeddedSystemsProject/sw/nios/lab4_bsp//libhal_bsp.a(alt_alarm_start.o)
                0x000000001010f488                alt_alarm_start
 .text          0x000000001010f5b4       0x48 /home/vm/Documents/EmbeddedSystemsProject/sw/nios/lab4_bsp//libhal_bsp.a(alt_dcache_flush_all.o)
                0x000000001010f5b4                alt_dcache_flush_all
 .text          0x000000001010f5fc       0xe0 /home/vm/Documents/EmbeddedSystemsProject/sw/nios/lab4_bsp//libhal_bsp.a(alt_dev_llist_insert.o)
                0x000000001010f638                alt_dev_llist_insert
 .text          0x000000001010f6dc       0x60 /home/vm/Documents/EmbeddedSystemsProject/sw/nios/lab4_bsp//libhal_bsp.a(alt_do_ctors.o)
                0x000000001010f6dc                _do_ctors
 .text          0x000000001010f73c       0x60 /home/vm/Documents/EmbeddedSystemsProject/sw/nios/lab4_bsp//libhal_bsp.a(alt_do_dtors.o)
                0x000000001010f73c                _do_dtors
 .text          0x000000001010f79c       0x90 /home/vm/Documents/EmbeddedSystemsProject/sw/nios/lab4_bsp//libhal_bsp.a(alt_find_dev.o)
                0x000000001010f79c                alt_find_dev
 .text          0x000000001010f82c      0x108 /home/vm/Documents/EmbeddedSystemsProject/sw/nios/lab4_bsp//libhal_bsp.a(alt_find_file.o)
                0x000000001010f82c                alt_find_file
 .text          0x000000001010f934       0x80 /home/vm/Documents/EmbeddedSystemsProject/sw/nios/lab4_bsp//libhal_bsp.a(alt_fs_reg.o)
                0x000000001010f934                alt_fs_reg
 .text          0x000000001010f9b4       0xa4 /home/vm/Documents/EmbeddedSystemsProject/sw/nios/lab4_bsp//libhal_bsp.a(alt_get_fd.o)
                0x000000001010f9b4                alt_get_fd
 .text          0x000000001010fa58       0x34 /home/vm/Documents/EmbeddedSystemsProject/sw/nios/lab4_bsp//libhal_bsp.a(alt_icache_flush_all.o)
                0x000000001010fa58                alt_icache_flush_all
 .text          0x000000001010fa8c      0x1b0 /home/vm/Documents/EmbeddedSystemsProject/sw/nios/lab4_bsp//libhal_bsp.a(alt_iic.o)
                0x000000001010fa8c                alt_ic_isr_register
                0x000000001010fadc                alt_ic_irq_enable
                0x000000001010fb64                alt_ic_irq_disable
                0x000000001010fbf0                alt_ic_irq_enabled
 .text          0x000000001010fc3c       0xf0 /home/vm/Documents/EmbeddedSystemsProject/sw/nios/lab4_bsp//libhal_bsp.a(alt_iic_isr_register.o)
                0x000000001010fc3c                alt_iic_isr_register
 .text          0x000000001010fd2c      0x140 /home/vm/Documents/EmbeddedSystemsProject/sw/nios/lab4_bsp//libhal_bsp.a(alt_io_redirect.o)
                0x000000001010fdf0                alt_io_redirect
 .text          0x000000001010fe6c        0x0 /home/vm/Documents/EmbeddedSystemsProject/sw/nios/lab4_bsp//libhal_bsp.a(alt_irq_entry.o)
 .text          0x000000001010fe6c        0x0 /home/vm/Documents/EmbeddedSystemsProject/sw/nios/lab4_bsp//libhal_bsp.a(alt_irq_handler.o)
 .text          0x000000001010fe6c        0x0 /home/vm/Documents/EmbeddedSystemsProject/sw/nios/lab4_bsp//libhal_bsp.a(alt_irq_vars.o)
 .text          0x000000001010fe6c      0x1a4 /home/vm/Documents/EmbeddedSystemsProject/sw/nios/lab4_bsp//libhal_bsp.a(alt_tick.o)
                0x000000001010fe6c                alt_alarm_stop
                0x000000001010ff08                alt_tick
 .text          0x0000000010110010       0x24 /home/vm/Documents/EmbeddedSystemsProject/sw/nios/lab4_bsp//libhal_bsp.a(altera_nios2_gen2_irq.o)
                0x0000000010110010                altera_nios2_gen2_irq_init
 .text          0x0000000010110034        0x0 /home/vm/Documents/EmbeddedSystemsProject/sw/nios/lab4_bsp//libhal_bsp.a(alt_exception_entry.o)
 .text          0x0000000010110034       0x90 /home/vm/Documents/EmbeddedSystemsProject/sw/nios/lab4_bsp//libhal_bsp.a(alt_icache_flush.o)
                0x0000000010110034                alt_icache_flush
 .text          0x00000000101100c4       0x9c /home/vm/Documents/EmbeddedSystemsProject/sw/nios/lab4_bsp//libhal_bsp.a(alt_instruction_exception_entry.o)
                0x00000000101100c4                alt_exception_cause_generated_bad_addr
 .text          0x0000000010110160        0x0 /opt/intelFPGA/18.1/nios2eds/bin/gnu/H-x86_64-pc-linux-gnu/bin/../lib/gcc/nios2-elf/5.3.0/../../../../../H-x86_64-pc-linux-gnu/nios2-elf/lib/libc.a(lib_a-atexit.o)
 .text.atexit   0x0000000010110160       0x14 /opt/intelFPGA/18.1/nios2eds/bin/gnu/H-x86_64-pc-linux-gnu/bin/../lib/gcc/nios2-elf/5.3.0/../../../../../H-x86_64-pc-linux-gnu/nios2-elf/lib/libc.a(lib_a-atexit.o)
                0x0000000010110160                atexit
 .text          0x0000000010110174        0x0 /opt/intelFPGA/18.1/nios2eds/bin/gnu/H-x86_64-pc-linux-gnu/bin/../lib/gcc/nios2-elf/5.3.0/../../../../../H-x86_64-pc-linux-gnu/nios2-elf/lib/libc.a(lib_a-exit.o)
 .text.exit     0x0000000010110174       0x38 /opt/intelFPGA/18.1/nios2eds/bin/gnu/H-x86_64-pc-linux-gnu/bin/../lib/gcc/nios2-elf/5.3.0/../../../../../H-x86_64-pc-linux-gnu/nios2-elf/lib/libc.a(lib_a-exit.o)
                0x0000000010110174                exit
 .text          0x00000000101101ac        0x0 /opt/intelFPGA/18.1/nios2eds/bin/gnu/H-x86_64-pc-linux-gnu/bin/../lib/gcc/nios2-elf/5.3.0/../../../../../H-x86_64-pc-linux-gnu/nios2-elf/lib/libc.a(lib_a-memcmp.o)
 .text.memcmp   0x00000000101101ac       0x7c /opt/intelFPGA/18.1/nios2eds/bin/gnu/H-x86_64-pc-linux-gnu/bin/../lib/gcc/nios2-elf/5.3.0/../../../../../H-x86_64-pc-linux-gnu/nios2-elf/lib/libc.a(lib_a-memcmp.o)
                0x00000000101101ac                memcmp
 .text          0x0000000010110228        0x0 /opt/intelFPGA/18.1/nios2eds/bin/gnu/H-x86_64-pc-linux-gnu/bin/../lib/gcc/nios2-elf/5.3.0/../../../../../H-x86_64-pc-linux-gnu/nios2-elf/lib/libc.a(lib_a-__atexit.o)
 .text.__register_exitproc
                0x0000000010110228      0x118 /opt/intelFPGA/18.1/nios2eds/bin/gnu/H-x86_64-pc-linux-gnu/bin/../lib/gcc/nios2-elf/5.3.0/../../../../../H-x86_64-pc-linux-gnu/nios2-elf/lib/libc.a(lib_a-__atexit.o)
                0x0000000010110228                __register_exitproc
 .text          0x0000000010110340        0x0 /opt/intelFPGA/18.1/nios2eds/bin/gnu/H-x86_64-pc-linux-gnu/bin/../lib/gcc/nios2-elf/5.3.0/../../../../../H-x86_64-pc-linux-gnu/nios2-elf/lib/libc.a(lib_a-__call_atexit.o)
 .text.__call_exitprocs
                0x0000000010110340      0x180 /opt/intelFPGA/18.1/nios2eds/bin/gnu/H-x86_64-pc-linux-gnu/bin/../lib/gcc/nios2-elf/5.3.0/../../../../../H-x86_64-pc-linux-gnu/nios2-elf/lib/libc.a(lib_a-__call_atexit.o)
                0x0000000010110340                __call_exitprocs
 .text          0x00000000101104c0       0x34 /home/vm/Documents/EmbeddedSystemsProject/sw/nios/lab4_bsp//libhal_bsp.a(alt_exit.o)
                0x00000000101104c0                _exit
 *(.gnu.warning.*)
 *(.fini)
                [!provide]                        PROVIDE (__etext, ABSOLUTE (.))
                [!provide]                        PROVIDE (_etext, ABSOLUTE (.))
                [!provide]                        PROVIDE (etext, ABSOLUTE (.))
 *(.eh_frame_hdr)
                0x00000000101104f4                . = ALIGN (0x4)
                [!provide]                        PROVIDE (__preinit_array_start, ABSOLUTE (.))
 *(.preinit_array)
                [!provide]                        PROVIDE (__preinit_array_end, ABSOLUTE (.))
                [!provide]                        PROVIDE (__init_array_start, ABSOLUTE (.))
 *(.init_array)
                [!provide]                        PROVIDE (__init_array_end, ABSOLUTE (.))
                [!provide]                        PROVIDE (__fini_array_start, ABSOLUTE (.))
 *(.fini_array)
                [!provide]                        PROVIDE (__fini_array_end, ABSOLUTE (.))
 *(.eh_frame)
 *(.gcc_except_table .gcc_except_table.*)
 *(.dynamic)
                0x00000000101104f4                PROVIDE (__CTOR_LIST__, ABSOLUTE (.))
 *(.ctors)
 *(SORT(.ctors.*))
                0x00000000101104f4                PROVIDE (__CTOR_END__, ABSOLUTE (.))
                0x00000000101104f4                PROVIDE (__DTOR_LIST__, ABSOLUTE (.))
 *(.dtors)
 *(SORT(.dtors.*))
                0x00000000101104f4                PROVIDE (__DTOR_END__, ABSOLUTE (.))
 *(.jcr)
                0x00000000101104f4                . = ALIGN (0x4)

.rodata         0x00000000101104f4      0x380
                0x00000000101104f4                PROVIDE (__ram_rodata_start, ABSOLUTE (.))
                0x00000000101104f4                . = ALIGN (0x4)
 *(.rodata .rodata.* .gnu.linkonce.r.*)
 .rodata        0x00000000101104f4       0x74 obj/default/hello_world.o
 .rodata.str1.4
                0x0000000010110568        0x2 /opt/intelFPGA/18.1/nios2eds/bin/gnu/H-x86_64-pc-linux-gnu/bin/../lib/gcc/nios2-elf/5.3.0/../../../../../H-x86_64-pc-linux-gnu/nios2-elf/lib/libc.a(lib_a-impure.o)
 *fill*         0x000000001011056a        0x2 
 .rodata.str1.4
                0x000000001011056c        0x2 /opt/intelFPGA/18.1/nios2eds/bin/gnu/H-x86_64-pc-linux-gnu/bin/../lib/gcc/nios2-elf/5.3.0/../../../../../H-x86_64-pc-linux-gnu/nios2-elf/lib/libc.a(lib_a-puts.o)
 *fill*         0x000000001011056e        0x2 
 .rodata.str1.4
                0x0000000010110570       0x42 /opt/intelFPGA/18.1/nios2eds/bin/gnu/H-x86_64-pc-linux-gnu/bin/../lib/gcc/nios2-elf/5.3.0/../../../../../H-x86_64-pc-linux-gnu/nios2-elf/lib/libc.a(lib_a-vfprintf.o)
 .rodata.zeroes.4404
                0x00000000101105b2       0x10 /opt/intelFPGA/18.1/nios2eds/bin/gnu/H-x86_64-pc-linux-gnu/bin/../lib/gcc/nios2-elf/5.3.0/../../../../../H-x86_64-pc-linux-gnu/nios2-elf/lib/libc.a(lib_a-vfprintf.o)
 .rodata.blanks.4403
                0x00000000101105c2       0x10 /opt/intelFPGA/18.1/nios2eds/bin/gnu/H-x86_64-pc-linux-gnu/bin/../lib/gcc/nios2-elf/5.3.0/../../../../../H-x86_64-pc-linux-gnu/nios2-elf/lib/libc.a(lib_a-vfprintf.o)
 *fill*         0x00000000101105d2        0x2 
 .rodata.str1.4
                0x00000000101105d4       0x10 /opt/intelFPGA/18.1/nios2eds/bin/gnu/H-x86_64-pc-linux-gnu/bin/../lib/gcc/nios2-elf/5.3.0/../../../../../H-x86_64-pc-linux-gnu/nios2-elf/lib/libc.a(lib_a-dtoa.o)
                                         0x12 (size before relaxing)
 .rodata.str1.4
                0x00000000101105e4        0xc /opt/intelFPGA/18.1/nios2eds/bin/gnu/H-x86_64-pc-linux-gnu/bin/../lib/gcc/nios2-elf/5.3.0/../../../../../H-x86_64-pc-linux-gnu/nios2-elf/lib/libc.a(lib_a-locale.o)
                                         0x12 (size before relaxing)
 .rodata.p05.2768
                0x00000000101105f0        0xc /opt/intelFPGA/18.1/nios2eds/bin/gnu/H-x86_64-pc-linux-gnu/bin/../lib/gcc/nios2-elf/5.3.0/../../../../../H-x86_64-pc-linux-gnu/nios2-elf/lib/libc.a(lib_a-mprec.o)
 .rodata.__mprec_tinytens
                0x00000000101105fc       0x28 /opt/intelFPGA/18.1/nios2eds/bin/gnu/H-x86_64-pc-linux-gnu/bin/../lib/gcc/nios2-elf/5.3.0/../../../../../H-x86_64-pc-linux-gnu/nios2-elf/lib/libc.a(lib_a-mprec.o)
                0x00000000101105fc                __mprec_tinytens
 .rodata.__mprec_bigtens
                0x0000000010110624       0x28 /opt/intelFPGA/18.1/nios2eds/bin/gnu/H-x86_64-pc-linux-gnu/bin/../lib/gcc/nios2-elf/5.3.0/../../../../../H-x86_64-pc-linux-gnu/nios2-elf/lib/libc.a(lib_a-mprec.o)
                0x0000000010110624                __mprec_bigtens
 .rodata.__mprec_tens
                0x000000001011064c       0xc8 /opt/intelFPGA/18.1/nios2eds/bin/gnu/H-x86_64-pc-linux-gnu/bin/../lib/gcc/nios2-elf/5.3.0/../../../../../H-x86_64-pc-linux-gnu/nios2-elf/lib/libc.a(lib_a-mprec.o)
                0x000000001011064c                __mprec_tens
 .rodata.str1.4
                0x0000000010110714       0x2f /opt/intelFPGA/18.1/nios2eds/bin/gnu/H-x86_64-pc-linux-gnu/bin/../lib/gcc/nios2-elf/5.3.0/../../../../../H-x86_64-pc-linux-gnu/nios2-elf/lib/libc.a(lib_a-vfiprintf.o)
 .rodata.zeroes.4349
                0x0000000010110714       0x10 /opt/intelFPGA/18.1/nios2eds/bin/gnu/H-x86_64-pc-linux-gnu/bin/../lib/gcc/nios2-elf/5.3.0/../../../../../H-x86_64-pc-linux-gnu/nios2-elf/lib/libc.a(lib_a-vfiprintf.o)
 .rodata.blanks.4348
                0x0000000010110724       0x10 /opt/intelFPGA/18.1/nios2eds/bin/gnu/H-x86_64-pc-linux-gnu/bin/../lib/gcc/nios2-elf/5.3.0/../../../../../H-x86_64-pc-linux-gnu/nios2-elf/lib/libc.a(lib_a-vfiprintf.o)
 .rodata        0x0000000010110734      0x100 /opt/intelFPGA/18.1/nios2eds/bin/gnu/H-x86_64-pc-linux-gnu/bin/../lib/gcc/nios2-elf/5.3.0/libgcc.a(_clz.o)
                0x0000000010110734                __clz_tab
 .rodata        0x0000000010110834        0xa /home/vm/Documents/EmbeddedSystemsProject/sw/nios/lab4_bsp//libhal_bsp.a(alt_dev.o)
 *fill*         0x000000001011083e        0x2 
 .rodata        0x0000000010110840       0x11 /home/vm/Documents/EmbeddedSystemsProject/sw/nios/lab4_bsp//libhal_bsp.a(alt_main.o)
 *fill*         0x0000000010110851        0x3 
 .rodata        0x0000000010110854       0x1e /home/vm/Documents/EmbeddedSystemsProject/sw/nios/lab4_bsp//libhal_bsp.a(alt_sys_init.o)
 *(.rodata1)
                0x0000000010110874                . = ALIGN (0x4)
 *fill*         0x0000000010110872        0x2 
                0x0000000010110874                PROVIDE (__ram_rodata_end, ABSOLUTE (.))
                0x00000000101104f4                PROVIDE (__flash_rodata_start, LOADADDR (.rodata))

.rwdata         0x0000000010110874     0x1b5c load address 0x00000000101123d0
                0x0000000010110874                PROVIDE (__ram_rwdata_start, ABSOLUTE (.))
                0x0000000010110874                . = ALIGN (0x4)
 *(.got.plt)
 *(.got)
 *(.data1)
 *(.data .data.* .gnu.linkonce.d.*)
 .data          0x0000000010110874        0x0 /home/vm/Documents/EmbeddedSystemsProject/sw/nios/lab4_bsp//obj/HAL/src/crt0.o
 .data          0x0000000010110874        0x0 obj/default/hello_world.o
 .data          0x0000000010110874        0x0 /opt/intelFPGA/18.1/nios2eds/bin/gnu/H-x86_64-pc-linux-gnu/bin/../lib/gcc/nios2-elf/5.3.0/../../../../../H-x86_64-pc-linux-gnu/nios2-elf/lib/libc.a(lib_a-fclose.o)
 .data          0x0000000010110874        0x0 /opt/intelFPGA/18.1/nios2eds/bin/gnu/H-x86_64-pc-linux-gnu/bin/../lib/gcc/nios2-elf/5.3.0/../../../../../H-x86_64-pc-linux-gnu/nios2-elf/lib/libc.a(lib_a-fflush.o)
 .data          0x0000000010110874        0x0 /opt/intelFPGA/18.1/nios2eds/bin/gnu/H-x86_64-pc-linux-gnu/bin/../lib/gcc/nios2-elf/5.3.0/../../../../../H-x86_64-pc-linux-gnu/nios2-elf/lib/libc.a(lib_a-findfp.o)
 .data          0x0000000010110874        0x0 /opt/intelFPGA/18.1/nios2eds/bin/gnu/H-x86_64-pc-linux-gnu/bin/../lib/gcc/nios2-elf/5.3.0/../../../../../H-x86_64-pc-linux-gnu/nios2-elf/lib/libc.a(lib_a-fopen.o)
 .data          0x0000000010110874        0x0 /opt/intelFPGA/18.1/nios2eds/bin/gnu/H-x86_64-pc-linux-gnu/bin/../lib/gcc/nios2-elf/5.3.0/../../../../../H-x86_64-pc-linux-gnu/nios2-elf/lib/libc.a(lib_a-fprintf.o)
 .data          0x0000000010110874        0x0 /opt/intelFPGA/18.1/nios2eds/bin/gnu/H-x86_64-pc-linux-gnu/bin/../lib/gcc/nios2-elf/5.3.0/../../../../../H-x86_64-pc-linux-gnu/nios2-elf/lib/libc.a(lib_a-freer.o)
 .data          0x0000000010110874        0x0 /opt/intelFPGA/18.1/nios2eds/bin/gnu/H-x86_64-pc-linux-gnu/bin/../lib/gcc/nios2-elf/5.3.0/../../../../../H-x86_64-pc-linux-gnu/nios2-elf/lib/libc.a(lib_a-fseek.o)
 .data          0x0000000010110874        0x0 /opt/intelFPGA/18.1/nios2eds/bin/gnu/H-x86_64-pc-linux-gnu/bin/../lib/gcc/nios2-elf/5.3.0/../../../../../H-x86_64-pc-linux-gnu/nios2-elf/lib/libc.a(lib_a-fseeko.o)
 .data          0x0000000010110874        0x0 /opt/intelFPGA/18.1/nios2eds/bin/gnu/H-x86_64-pc-linux-gnu/bin/../lib/gcc/nios2-elf/5.3.0/../../../../../H-x86_64-pc-linux-gnu/nios2-elf/lib/libc.a(lib_a-fstatr.o)
 .data          0x0000000010110874        0x0 /opt/intelFPGA/18.1/nios2eds/bin/gnu/H-x86_64-pc-linux-gnu/bin/../lib/gcc/nios2-elf/5.3.0/../../../../../H-x86_64-pc-linux-gnu/nios2-elf/lib/libc.a(lib_a-fwalk.o)
 .data          0x0000000010110874        0x0 /opt/intelFPGA/18.1/nios2eds/bin/gnu/H-x86_64-pc-linux-gnu/bin/../lib/gcc/nios2-elf/5.3.0/../../../../../H-x86_64-pc-linux-gnu/nios2-elf/lib/libc.a(lib_a-fwrite.o)
 .data          0x0000000010110874        0x0 /opt/intelFPGA/18.1/nios2eds/bin/gnu/H-x86_64-pc-linux-gnu/bin/../lib/gcc/nios2-elf/5.3.0/../../../../../H-x86_64-pc-linux-gnu/nios2-elf/lib/libc.a(lib_a-impure.o)
 .data.impure_data
                0x0000000010110874      0x424 /opt/intelFPGA/18.1/nios2eds/bin/gnu/H-x86_64-pc-linux-gnu/bin/../lib/gcc/nios2-elf/5.3.0/../../../../../H-x86_64-pc-linux-gnu/nios2-elf/lib/libc.a(lib_a-impure.o)
 .data          0x0000000010110c98        0x0 /opt/intelFPGA/18.1/nios2eds/bin/gnu/H-x86_64-pc-linux-gnu/bin/../lib/gcc/nios2-elf/5.3.0/../../../../../H-x86_64-pc-linux-gnu/nios2-elf/lib/libc.a(lib_a-int_errno.o)
 .data          0x0000000010110c98        0x0 /opt/intelFPGA/18.1/nios2eds/bin/gnu/H-x86_64-pc-linux-gnu/bin/../lib/gcc/nios2-elf/5.3.0/../../../../../H-x86_64-pc-linux-gnu/nios2-elf/lib/libc.a(lib_a-makebuf.o)
 .data          0x0000000010110c98        0x0 /opt/intelFPGA/18.1/nios2eds/bin/gnu/H-x86_64-pc-linux-gnu/bin/../lib/gcc/nios2-elf/5.3.0/../../../../../H-x86_64-pc-linux-gnu/nios2-elf/lib/libc.a(lib_a-mallocr.o)
 .data.__malloc_av_
                0x0000000010110c98      0x408 /opt/intelFPGA/18.1/nios2eds/bin/gnu/H-x86_64-pc-linux-gnu/bin/../lib/gcc/nios2-elf/5.3.0/../../../../../H-x86_64-pc-linux-gnu/nios2-elf/lib/libc.a(lib_a-mallocr.o)
                0x0000000010110c98                __malloc_av_
 .data          0x00000000101110a0        0x0 /opt/intelFPGA/18.1/nios2eds/bin/gnu/H-x86_64-pc-linux-gnu/bin/../lib/gcc/nios2-elf/5.3.0/../../../../../H-x86_64-pc-linux-gnu/nios2-elf/lib/libc.a(lib_a-memset.o)
 .data          0x00000000101110a0        0x0 /opt/intelFPGA/18.1/nios2eds/bin/gnu/H-x86_64-pc-linux-gnu/bin/../lib/gcc/nios2-elf/5.3.0/../../../../../H-x86_64-pc-linux-gnu/nios2-elf/lib/libc.a(lib_a-openr.o)
 .data          0x00000000101110a0        0x0 /opt/intelFPGA/18.1/nios2eds/bin/gnu/H-x86_64-pc-linux-gnu/bin/../lib/gcc/nios2-elf/5.3.0/../../../../../H-x86_64-pc-linux-gnu/nios2-elf/lib/libc.a(lib_a-printf.o)
 .data          0x00000000101110a0        0x0 /opt/intelFPGA/18.1/nios2eds/bin/gnu/H-x86_64-pc-linux-gnu/bin/../lib/gcc/nios2-elf/5.3.0/../../../../../H-x86_64-pc-linux-gnu/nios2-elf/lib/libc.a(lib_a-puts.o)
 .data          0x00000000101110a0        0x0 /opt/intelFPGA/18.1/nios2eds/bin/gnu/H-x86_64-pc-linux-gnu/bin/../lib/gcc/nios2-elf/5.3.0/../../../../../H-x86_64-pc-linux-gnu/nios2-elf/lib/libc.a(lib_a-refill.o)
 .data          0x00000000101110a0        0x0 /opt/intelFPGA/18.1/nios2eds/bin/gnu/H-x86_64-pc-linux-gnu/bin/../lib/gcc/nios2-elf/5.3.0/../../../../../H-x86_64-pc-linux-gnu/nios2-elf/lib/libc.a(lib_a-sbrkr.o)
 .data          0x00000000101110a0        0x0 /opt/intelFPGA/18.1/nios2eds/bin/gnu/H-x86_64-pc-linux-gnu/bin/../lib/gcc/nios2-elf/5.3.0/../../../../../H-x86_64-pc-linux-gnu/nios2-elf/lib/libc.a(lib_a-stdio.o)
 .data          0x00000000101110a0        0x0 /opt/intelFPGA/18.1/nios2eds/bin/gnu/H-x86_64-pc-linux-gnu/bin/../lib/gcc/nios2-elf/5.3.0/../../../../../H-x86_64-pc-linux-gnu/nios2-elf/lib/libc.a(lib_a-strlen.o)
 .data          0x00000000101110a0        0x0 /opt/intelFPGA/18.1/nios2eds/bin/gnu/H-x86_64-pc-linux-gnu/bin/../lib/gcc/nios2-elf/5.3.0/../../../../../H-x86_64-pc-linux-gnu/nios2-elf/lib/libc.a(lib_a-vfprintf.o)
 .data          0x00000000101110a0        0x0 /opt/intelFPGA/18.1/nios2eds/bin/gnu/H-x86_64-pc-linux-gnu/bin/../lib/gcc/nios2-elf/5.3.0/../../../../../H-x86_64-pc-linux-gnu/nios2-elf/lib/libc.a(lib_a-writer.o)
 .data          0x00000000101110a0        0x0 /opt/intelFPGA/18.1/nios2eds/bin/gnu/H-x86_64-pc-linux-gnu/bin/../lib/gcc/nios2-elf/5.3.0/../../../../../H-x86_64-pc-linux-gnu/nios2-elf/lib/libc.a(lib_a-wsetup.o)
 .data          0x00000000101110a0        0x0 /opt/intelFPGA/18.1/nios2eds/bin/gnu/H-x86_64-pc-linux-gnu/bin/../lib/gcc/nios2-elf/5.3.0/../../../../../H-x86_64-pc-linux-gnu/nios2-elf/lib/libc.a(closer.o)
 .data          0x00000000101110a0        0x0 /opt/intelFPGA/18.1/nios2eds/bin/gnu/H-x86_64-pc-linux-gnu/bin/../lib/gcc/nios2-elf/5.3.0/../../../../../H-x86_64-pc-linux-gnu/nios2-elf/lib/libc.a(lib_a-dtoa.o)
 .data          0x00000000101110a0        0x0 /opt/intelFPGA/18.1/nios2eds/bin/gnu/H-x86_64-pc-linux-gnu/bin/../lib/gcc/nios2-elf/5.3.0/../../../../../H-x86_64-pc-linux-gnu/nios2-elf/lib/libc.a(lib_a-flags.o)
 .data          0x00000000101110a0        0x0 /opt/intelFPGA/18.1/nios2eds/bin/gnu/H-x86_64-pc-linux-gnu/bin/../lib/gcc/nios2-elf/5.3.0/../../../../../H-x86_64-pc-linux-gnu/nios2-elf/lib/libc.a(lib_a-fvwrite.o)
 .data          0x00000000101110a0        0x0 /opt/intelFPGA/18.1/nios2eds/bin/gnu/H-x86_64-pc-linux-gnu/bin/../lib/gcc/nios2-elf/5.3.0/../../../../../H-x86_64-pc-linux-gnu/nios2-elf/lib/libc.a(lib_a-isattyr.o)
 .data          0x00000000101110a0        0x0 /opt/intelFPGA/18.1/nios2eds/bin/gnu/H-x86_64-pc-linux-gnu/bin/../lib/gcc/nios2-elf/5.3.0/../../../../../H-x86_64-pc-linux-gnu/nios2-elf/lib/libc.a(lib_a-locale.o)
 .data.lc_message_charset
                0x00000000101110a0       0x20 /opt/intelFPGA/18.1/nios2eds/bin/gnu/H-x86_64-pc-linux-gnu/bin/../lib/gcc/nios2-elf/5.3.0/../../../../../H-x86_64-pc-linux-gnu/nios2-elf/lib/libc.a(lib_a-locale.o)
 .data.lc_ctype_charset
                0x00000000101110c0       0x20 /opt/intelFPGA/18.1/nios2eds/bin/gnu/H-x86_64-pc-linux-gnu/bin/../lib/gcc/nios2-elf/5.3.0/../../../../../H-x86_64-pc-linux-gnu/nios2-elf/lib/libc.a(lib_a-locale.o)
 .data.lconv    0x00000000101110e0       0x38 /opt/intelFPGA/18.1/nios2eds/bin/gnu/H-x86_64-pc-linux-gnu/bin/../lib/gcc/nios2-elf/5.3.0/../../../../../H-x86_64-pc-linux-gnu/nios2-elf/lib/libc.a(lib_a-locale.o)
 .data          0x0000000010111118        0x0 /opt/intelFPGA/18.1/nios2eds/bin/gnu/H-x86_64-pc-linux-gnu/bin/../lib/gcc/nios2-elf/5.3.0/../../../../../H-x86_64-pc-linux-gnu/nios2-elf/lib/libc.a(lib_a-lseekr.o)
 .data          0x0000000010111118        0x0 /opt/intelFPGA/18.1/nios2eds/bin/gnu/H-x86_64-pc-linux-gnu/bin/../lib/gcc/nios2-elf/5.3.0/../../../../../H-x86_64-pc-linux-gnu/nios2-elf/lib/libc.a(lib_a-memchr.o)
 .data          0x0000000010111118        0x0 /opt/intelFPGA/18.1/nios2eds/bin/gnu/H-x86_64-pc-linux-gnu/bin/../lib/gcc/nios2-elf/5.3.0/../../../../../H-x86_64-pc-linux-gnu/nios2-elf/lib/libc.a(lib_a-memcpy.o)
 .data          0x0000000010111118        0x0 /opt/intelFPGA/18.1/nios2eds/bin/gnu/H-x86_64-pc-linux-gnu/bin/../lib/gcc/nios2-elf/5.3.0/../../../../../H-x86_64-pc-linux-gnu/nios2-elf/lib/libc.a(lib_a-memmove.o)
 .data          0x0000000010111118        0x0 /opt/intelFPGA/18.1/nios2eds/bin/gnu/H-x86_64-pc-linux-gnu/bin/../lib/gcc/nios2-elf/5.3.0/../../../../../H-x86_64-pc-linux-gnu/nios2-elf/lib/libc.a(lib_a-mprec.o)
 .data          0x0000000010111118        0x0 /opt/intelFPGA/18.1/nios2eds/bin/gnu/H-x86_64-pc-linux-gnu/bin/../lib/gcc/nios2-elf/5.3.0/../../../../../H-x86_64-pc-linux-gnu/nios2-elf/lib/libc.a(lib_a-readr.o)
 .data          0x0000000010111118        0x0 /opt/intelFPGA/18.1/nios2eds/bin/gnu/H-x86_64-pc-linux-gnu/bin/../lib/gcc/nios2-elf/5.3.0/../../../../../H-x86_64-pc-linux-gnu/nios2-elf/lib/libc.a(lib_a-reallocr.o)
 .data          0x0000000010111118        0x0 /opt/intelFPGA/18.1/nios2eds/bin/gnu/H-x86_64-pc-linux-gnu/bin/../lib/gcc/nios2-elf/5.3.0/../../../../../H-x86_64-pc-linux-gnu/nios2-elf/lib/libc.a(lib_a-s_fpclassify.o)
 .data          0x0000000010111118        0x0 /opt/intelFPGA/18.1/nios2eds/bin/gnu/H-x86_64-pc-linux-gnu/bin/../lib/gcc/nios2-elf/5.3.0/../../../../../H-x86_64-pc-linux-gnu/nios2-elf/lib/libc.a(lib_a-strcmp.o)
 .data          0x0000000010111118        0x0 /opt/intelFPGA/18.1/nios2eds/bin/gnu/H-x86_64-pc-linux-gnu/bin/../lib/gcc/nios2-elf/5.3.0/../../../../../H-x86_64-pc-linux-gnu/nios2-elf/lib/libc.a(lib_a-vfiprintf.o)
 .data          0x0000000010111118        0x0 /opt/intelFPGA/18.1/nios2eds/bin/gnu/H-x86_64-pc-linux-gnu/bin/../lib/gcc/nios2-elf/5.3.0/../../../../../H-x86_64-pc-linux-gnu/nios2-elf/lib/libc.a(lib_a-callocr.o)
 .data          0x0000000010111118        0x0 /opt/intelFPGA/18.1/nios2eds/bin/gnu/H-x86_64-pc-linux-gnu/bin/../lib/gcc/nios2-elf/5.3.0/../../../../../H-x86_64-pc-linux-gnu/nios2-elf/lib/libc.a(lib_a-fputwc.o)
 .data          0x0000000010111118        0x0 /opt/intelFPGA/18.1/nios2eds/bin/gnu/H-x86_64-pc-linux-gnu/bin/../lib/gcc/nios2-elf/5.3.0/../../../../../H-x86_64-pc-linux-gnu/nios2-elf/lib/libc.a(lib_a-wbuf.o)
 .data          0x0000000010111118        0x0 /opt/intelFPGA/18.1/nios2eds/bin/gnu/H-x86_64-pc-linux-gnu/bin/../lib/gcc/nios2-elf/5.3.0/../../../../../H-x86_64-pc-linux-gnu/nios2-elf/lib/libc.a(lib_a-wcrtomb.o)
 .data          0x0000000010111118        0x0 /opt/intelFPGA/18.1/nios2eds/bin/gnu/H-x86_64-pc-linux-gnu/bin/../lib/gcc/nios2-elf/5.3.0/../../../../../H-x86_64-pc-linux-gnu/nios2-elf/lib/libc.a(lib_a-wctomb_r.o)
 .data          0x0000000010111118        0x0 /opt/intelFPGA/18.1/nios2eds/bin/gnu/H-x86_64-pc-linux-gnu/bin/../lib/gcc/nios2-elf/5.3.0/libgcc.a(_udivdi3.o)
 .data          0x0000000010111118        0x0 /opt/intelFPGA/18.1/nios2eds/bin/gnu/H-x86_64-pc-linux-gnu/bin/../lib/gcc/nios2-elf/5.3.0/libgcc.a(_umoddi3.o)
 .data          0x0000000010111118        0x0 /opt/intelFPGA/18.1/nios2eds/bin/gnu/H-x86_64-pc-linux-gnu/bin/../lib/gcc/nios2-elf/5.3.0/libgcc.a(lib2-divmod.o)
 .data          0x0000000010111118        0x0 /opt/intelFPGA/18.1/nios2eds/bin/gnu/H-x86_64-pc-linux-gnu/bin/../lib/gcc/nios2-elf/5.3.0/libgcc.a(adddf3.o)
 .data          0x0000000010111118        0x0 /opt/intelFPGA/18.1/nios2eds/bin/gnu/H-x86_64-pc-linux-gnu/bin/../lib/gcc/nios2-elf/5.3.0/libgcc.a(divdf3.o)
 .data          0x0000000010111118        0x0 /opt/intelFPGA/18.1/nios2eds/bin/gnu/H-x86_64-pc-linux-gnu/bin/../lib/gcc/nios2-elf/5.3.0/libgcc.a(eqdf2.o)
 .data          0x0000000010111118        0x0 /opt/intelFPGA/18.1/nios2eds/bin/gnu/H-x86_64-pc-linux-gnu/bin/../lib/gcc/nios2-elf/5.3.0/libgcc.a(gedf2.o)
 .data          0x0000000010111118        0x0 /opt/intelFPGA/18.1/nios2eds/bin/gnu/H-x86_64-pc-linux-gnu/bin/../lib/gcc/nios2-elf/5.3.0/libgcc.a(ledf2.o)
 .data          0x0000000010111118        0x0 /opt/intelFPGA/18.1/nios2eds/bin/gnu/H-x86_64-pc-linux-gnu/bin/../lib/gcc/nios2-elf/5.3.0/libgcc.a(muldf3.o)
 .data          0x0000000010111118        0x0 /opt/intelFPGA/18.1/nios2eds/bin/gnu/H-x86_64-pc-linux-gnu/bin/../lib/gcc/nios2-elf/5.3.0/libgcc.a(subdf3.o)
 .data          0x0000000010111118        0x0 /opt/intelFPGA/18.1/nios2eds/bin/gnu/H-x86_64-pc-linux-gnu/bin/../lib/gcc/nios2-elf/5.3.0/libgcc.a(fixdfsi.o)
 .data          0x0000000010111118        0x0 /opt/intelFPGA/18.1/nios2eds/bin/gnu/H-x86_64-pc-linux-gnu/bin/../lib/gcc/nios2-elf/5.3.0/libgcc.a(floatsidf.o)
 .data          0x0000000010111118        0x0 /opt/intelFPGA/18.1/nios2eds/bin/gnu/H-x86_64-pc-linux-gnu/bin/../lib/gcc/nios2-elf/5.3.0/libgcc.a(floatunsidf.o)
 .data          0x0000000010111118        0x0 /opt/intelFPGA/18.1/nios2eds/bin/gnu/H-x86_64-pc-linux-gnu/bin/../lib/gcc/nios2-elf/5.3.0/libgcc.a(_clz.o)
 .data          0x0000000010111118        0x0 /opt/intelFPGA/18.1/nios2eds/bin/gnu/H-x86_64-pc-linux-gnu/bin/../lib/gcc/nios2-elf/5.3.0/libgcc.a(_clzsi2.o)
 .data          0x0000000010111118        0x0 /home/vm/Documents/EmbeddedSystemsProject/sw/nios/lab4_bsp//libhal_bsp.a(alt_close.o)
 .data          0x0000000010111118      0x1a8 /home/vm/Documents/EmbeddedSystemsProject/sw/nios/lab4_bsp//libhal_bsp.a(alt_dev.o)
                0x0000000010111118                alt_dev_null
                0x0000000010111140                alt_fd_list
 .data          0x00000000101112c0        0x0 /home/vm/Documents/EmbeddedSystemsProject/sw/nios/lab4_bsp//libhal_bsp.a(alt_errno.o)
 .data          0x00000000101112c0        0x0 /home/vm/Documents/EmbeddedSystemsProject/sw/nios/lab4_bsp//libhal_bsp.a(alt_fstat.o)
 .data          0x00000000101112c0        0x0 /home/vm/Documents/EmbeddedSystemsProject/sw/nios/lab4_bsp//libhal_bsp.a(alt_isatty.o)
 .data          0x00000000101112c0        0x0 /home/vm/Documents/EmbeddedSystemsProject/sw/nios/lab4_bsp//libhal_bsp.a(alt_load.o)
 .data          0x00000000101112c0        0x0 /home/vm/Documents/EmbeddedSystemsProject/sw/nios/lab4_bsp//libhal_bsp.a(alt_lseek.o)
 .data          0x00000000101112c0        0x0 /home/vm/Documents/EmbeddedSystemsProject/sw/nios/lab4_bsp//libhal_bsp.a(alt_main.o)
 .data          0x00000000101112c0        0x0 /home/vm/Documents/EmbeddedSystemsProject/sw/nios/lab4_bsp//libhal_bsp.a(alt_malloc_lock.o)
 .data          0x00000000101112c0        0x0 /home/vm/Documents/EmbeddedSystemsProject/sw/nios/lab4_bsp//libhal_bsp.a(alt_open.o)
 .data          0x00000000101112c0        0x0 /home/vm/Documents/EmbeddedSystemsProject/sw/nios/lab4_bsp//libhal_bsp.a(alt_read.o)
 .data          0x00000000101112c0        0x0 /home/vm/Documents/EmbeddedSystemsProject/sw/nios/lab4_bsp//libhal_bsp.a(alt_release_fd.o)
 .data          0x00000000101112c0        0x0 /home/vm/Documents/EmbeddedSystemsProject/sw/nios/lab4_bsp//libhal_bsp.a(alt_sbrk.o)
 .data          0x00000000101112c0        0x0 /home/vm/Documents/EmbeddedSystemsProject/sw/nios/lab4_bsp//libhal_bsp.a(alt_write.o)
 .data          0x00000000101112c0     0x1088 /home/vm/Documents/EmbeddedSystemsProject/sw/nios/lab4_bsp//libhal_bsp.a(alt_sys_init.o)
 .data          0x0000000010112348        0x0 /home/vm/Documents/EmbeddedSystemsProject/sw/nios/lab4_bsp//libhal_bsp.a(altera_avalon_jtag_uart_fd.o)
 .data          0x0000000010112348        0x0 /home/vm/Documents/EmbeddedSystemsProject/sw/nios/lab4_bsp//libhal_bsp.a(altera_avalon_jtag_uart_init.o)
 .data          0x0000000010112348        0x0 /home/vm/Documents/EmbeddedSystemsProject/sw/nios/lab4_bsp//libhal_bsp.a(altera_avalon_jtag_uart_ioctl.o)
 .data          0x0000000010112348        0x0 /home/vm/Documents/EmbeddedSystemsProject/sw/nios/lab4_bsp//libhal_bsp.a(altera_avalon_jtag_uart_read.o)
 .data          0x0000000010112348        0x0 /home/vm/Documents/EmbeddedSystemsProject/sw/nios/lab4_bsp//libhal_bsp.a(altera_avalon_jtag_uart_write.o)
 .data          0x0000000010112348        0x0 /home/vm/Documents/EmbeddedSystemsProject/sw/nios/lab4_bsp//libhal_bsp.a(altera_hostfs.o)
 .data          0x0000000010112348        0x0 /home/vm/Documents/EmbeddedSystemsProject/sw/nios/lab4_bsp//libhal_bsp.a(alt_alarm_start.o)
 .data          0x0000000010112348        0x0 /home/vm/Documents/EmbeddedSystemsProject/sw/nios/lab4_bsp//libhal_bsp.a(alt_dcache_flush_all.o)
 .data          0x0000000010112348        0x0 /home/vm/Documents/EmbeddedSystemsProject/sw/nios/lab4_bsp//libhal_bsp.a(alt_dev_llist_insert.o)
 .data          0x0000000010112348        0x0 /home/vm/Documents/EmbeddedSystemsProject/sw/nios/lab4_bsp//libhal_bsp.a(alt_do_ctors.o)
 .data          0x0000000010112348        0x0 /home/vm/Documents/EmbeddedSystemsProject/sw/nios/lab4_bsp//libhal_bsp.a(alt_do_dtors.o)
 .data          0x0000000010112348        0x0 /home/vm/Documents/EmbeddedSystemsProject/sw/nios/lab4_bsp//libhal_bsp.a(alt_find_dev.o)
 .data          0x0000000010112348        0x0 /home/vm/Documents/EmbeddedSystemsProject/sw/nios/lab4_bsp//libhal_bsp.a(alt_find_file.o)
 .data          0x0000000010112348        0x0 /home/vm/Documents/EmbeddedSystemsProject/sw/nios/lab4_bsp//libhal_bsp.a(alt_fs_reg.o)
 .data          0x0000000010112348        0x0 /home/vm/Documents/EmbeddedSystemsProject/sw/nios/lab4_bsp//libhal_bsp.a(alt_get_fd.o)
 .data          0x0000000010112348        0x0 /home/vm/Documents/EmbeddedSystemsProject/sw/nios/lab4_bsp//libhal_bsp.a(alt_icache_flush_all.o)
 .data          0x0000000010112348        0x0 /home/vm/Documents/EmbeddedSystemsProject/sw/nios/lab4_bsp//libhal_bsp.a(alt_iic.o)
 .data          0x0000000010112348        0x0 /home/vm/Documents/EmbeddedSystemsProject/sw/nios/lab4_bsp//libhal_bsp.a(alt_iic_isr_register.o)
 .data          0x0000000010112348        0x0 /home/vm/Documents/EmbeddedSystemsProject/sw/nios/lab4_bsp//libhal_bsp.a(alt_io_redirect.o)
 .data          0x0000000010112348        0x0 /home/vm/Documents/EmbeddedSystemsProject/sw/nios/lab4_bsp//libhal_bsp.a(alt_irq_entry.o)
 .data          0x0000000010112348        0x0 /home/vm/Documents/EmbeddedSystemsProject/sw/nios/lab4_bsp//libhal_bsp.a(alt_irq_handler.o)
 .data          0x0000000010112348        0x0 /home/vm/Documents/EmbeddedSystemsProject/sw/nios/lab4_bsp//libhal_bsp.a(alt_irq_vars.o)
 .data          0x0000000010112348        0x0 /home/vm/Documents/EmbeddedSystemsProject/sw/nios/lab4_bsp//libhal_bsp.a(alt_tick.o)
 .data          0x0000000010112348        0x0 /home/vm/Documents/EmbeddedSystemsProject/sw/nios/lab4_bsp//libhal_bsp.a(altera_nios2_gen2_irq.o)
 .data          0x0000000010112348        0x0 /home/vm/Documents/EmbeddedSystemsProject/sw/nios/lab4_bsp//libhal_bsp.a(alt_exception_entry.o)
 .data          0x0000000010112348        0x0 /home/vm/Documents/EmbeddedSystemsProject/sw/nios/lab4_bsp//libhal_bsp.a(alt_icache_flush.o)
 .data          0x0000000010112348        0x0 /home/vm/Documents/EmbeddedSystemsProject/sw/nios/lab4_bsp//libhal_bsp.a(alt_instruction_exception_entry.o)
 .data          0x0000000010112348        0x0 /opt/intelFPGA/18.1/nios2eds/bin/gnu/H-x86_64-pc-linux-gnu/bin/../lib/gcc/nios2-elf/5.3.0/../../../../../H-x86_64-pc-linux-gnu/nios2-elf/lib/libc.a(lib_a-atexit.o)
 .data          0x0000000010112348        0x0 /opt/intelFPGA/18.1/nios2eds/bin/gnu/H-x86_64-pc-linux-gnu/bin/../lib/gcc/nios2-elf/5.3.0/../../../../../H-x86_64-pc-linux-gnu/nios2-elf/lib/libc.a(lib_a-exit.o)
 .data          0x0000000010112348        0x0 /opt/intelFPGA/18.1/nios2eds/bin/gnu/H-x86_64-pc-linux-gnu/bin/../lib/gcc/nios2-elf/5.3.0/../../../../../H-x86_64-pc-linux-gnu/nios2-elf/lib/libc.a(lib_a-memcmp.o)
 .data          0x0000000010112348        0x0 /opt/intelFPGA/18.1/nios2eds/bin/gnu/H-x86_64-pc-linux-gnu/bin/../lib/gcc/nios2-elf/5.3.0/../../../../../H-x86_64-pc-linux-gnu/nios2-elf/lib/libc.a(lib_a-__atexit.o)
 .data          0x0000000010112348        0x0 /opt/intelFPGA/18.1/nios2eds/bin/gnu/H-x86_64-pc-linux-gnu/bin/../lib/gcc/nios2-elf/5.3.0/../../../../../H-x86_64-pc-linux-gnu/nios2-elf/lib/libc.a(lib_a-__call_atexit.o)
 .data          0x0000000010112348        0x0 /home/vm/Documents/EmbeddedSystemsProject/sw/nios/lab4_bsp//libhal_bsp.a(alt_exit.o)
                0x000000001011a348                _gp = ABSOLUTE ((. + 0x8000))
                [!provide]                        PROVIDE (gp, _gp)
 *(.rwdata .rwdata.*)
 *(.sdata .sdata.* .gnu.linkonce.s.*)
 .sdata._global_impure_ptr
                0x0000000010112348        0x4 /opt/intelFPGA/18.1/nios2eds/bin/gnu/H-x86_64-pc-linux-gnu/bin/../lib/gcc/nios2-elf/5.3.0/../../../../../H-x86_64-pc-linux-gnu/nios2-elf/lib/libc.a(lib_a-impure.o)
                0x0000000010112348                _global_impure_ptr
 .sdata._impure_ptr
                0x000000001011234c        0x4 /opt/intelFPGA/18.1/nios2eds/bin/gnu/H-x86_64-pc-linux-gnu/bin/../lib/gcc/nios2-elf/5.3.0/../../../../../H-x86_64-pc-linux-gnu/nios2-elf/lib/libc.a(lib_a-impure.o)
                0x000000001011234c                _impure_ptr
 .sdata.__malloc_sbrk_base
                0x0000000010112350        0x4 /opt/intelFPGA/18.1/nios2eds/bin/gnu/H-x86_64-pc-linux-gnu/bin/../lib/gcc/nios2-elf/5.3.0/../../../../../H-x86_64-pc-linux-gnu/nios2-elf/lib/libc.a(lib_a-mallocr.o)
                0x0000000010112350                __malloc_sbrk_base
 .sdata.__malloc_trim_threshold
                0x0000000010112354        0x4 /opt/intelFPGA/18.1/nios2eds/bin/gnu/H-x86_64-pc-linux-gnu/bin/../lib/gcc/nios2-elf/5.3.0/../../../../../H-x86_64-pc-linux-gnu/nios2-elf/lib/libc.a(lib_a-mallocr.o)
                0x0000000010112354                __malloc_trim_threshold
 .sdata.__mb_cur_max
                0x0000000010112358        0x4 /opt/intelFPGA/18.1/nios2eds/bin/gnu/H-x86_64-pc-linux-gnu/bin/../lib/gcc/nios2-elf/5.3.0/../../../../../H-x86_64-pc-linux-gnu/nios2-elf/lib/libc.a(lib_a-locale.o)
                0x0000000010112358                __mb_cur_max
 .sdata.__wctomb
                0x000000001011235c        0x4 /opt/intelFPGA/18.1/nios2eds/bin/gnu/H-x86_64-pc-linux-gnu/bin/../lib/gcc/nios2-elf/5.3.0/../../../../../H-x86_64-pc-linux-gnu/nios2-elf/lib/libc.a(lib_a-wctomb_r.o)
                0x000000001011235c                __wctomb
 .sdata         0x0000000010112360       0x14 /home/vm/Documents/EmbeddedSystemsProject/sw/nios/lab4_bsp//libhal_bsp.a(alt_dev.o)
                0x0000000010112360                alt_fs_list
                0x0000000010112368                alt_dev_list
                0x0000000010112370                alt_max_fd
 .sdata         0x0000000010112374        0x4 /home/vm/Documents/EmbeddedSystemsProject/sw/nios/lab4_bsp//libhal_bsp.a(alt_errno.o)
                0x0000000010112374                alt_errno
 .sdata         0x0000000010112378        0x4 /home/vm/Documents/EmbeddedSystemsProject/sw/nios/lab4_bsp//libhal_bsp.a(alt_sbrk.o)
 .sdata         0x000000001011237c       0x46 /home/vm/Documents/EmbeddedSystemsProject/sw/nios/lab4_bsp//libhal_bsp.a(altera_hostfs.o)
 *fill*         0x00000000101123c2        0x2 
 .sdata         0x00000000101123c4        0x4 /home/vm/Documents/EmbeddedSystemsProject/sw/nios/lab4_bsp//libhal_bsp.a(alt_irq_vars.o)
                0x00000000101123c4                alt_priority_mask
 .sdata         0x00000000101123c8        0x8 /home/vm/Documents/EmbeddedSystemsProject/sw/nios/lab4_bsp//libhal_bsp.a(alt_tick.o)
                0x00000000101123c8                alt_alarm_list
 *(.sdata2 .sdata2.* .gnu.linkonce.s2.*)
                0x00000000101123d0                . = ALIGN (0x4)
                0x00000000101123d0                _edata = ABSOLUTE (.)
                [!provide]                        PROVIDE (edata, ABSOLUTE (.))
                0x00000000101123d0                PROVIDE (__ram_rwdata_end, ABSOLUTE (.))